<?xml version="1.0"?>
<link_info>
   <banner>MSP430 Linker PC v4.4.3</banner>
   <copyright>Copyright (c) 2003-2015 Texas Instruments Incorporated</copyright>
   <link_time>0x5b881cba</link_time>
   <link_errors>0x0</link_errors>
   <output_file>wlad_lis_ver1.3.out</output_file>
   <entry_point>
      <name>_c_int00_noargs_noexit</name>
      <address>0xdeac</address>
   </entry_point>
   <input_file_list>
      <input_file id="fl-2">
         <path>.\</path>
         <kind>object</kind>
         <file>main.obj</file>
         <name>main.obj</name>
      </input_file>
      <input_file id="fl-31">
         <path>C:\ti\ccsv6\tools\compiler\ti-cgt-msp430_4.4.3\lib\</path>
         <kind>archive</kind>
         <file>rts430_eabi.lib</file>
         <name>asr32.obj</name>
      </input_file>
      <input_file id="fl-32">
         <path>C:\ti\ccsv6\tools\compiler\ti-cgt-msp430_4.4.3\lib\</path>
         <kind>archive</kind>
         <file>rts430_eabi.lib</file>
         <name>boot.obj</name>
      </input_file>
      <input_file id="fl-33">
         <path>C:\ti\ccsv6\tools\compiler\ti-cgt-msp430_4.4.3\lib\</path>
         <kind>archive</kind>
         <file>rts430_eabi.lib</file>
         <name>boot_special.obj</name>
      </input_file>
      <input_file id="fl-34">
         <path>C:\ti\ccsv6\tools\compiler\ti-cgt-msp430_4.4.3\lib\</path>
         <kind>archive</kind>
         <file>rts430_eabi.lib</file>
         <name>copy_decompress_none.obj</name>
      </input_file>
      <input_file id="fl-35">
         <path>C:\ti\ccsv6\tools\compiler\ti-cgt-msp430_4.4.3\lib\</path>
         <kind>archive</kind>
         <file>rts430_eabi.lib</file>
         <name>copy_decompress_rle.obj</name>
      </input_file>
      <input_file id="fl-36">
         <path>C:\ti\ccsv6\tools\compiler\ti-cgt-msp430_4.4.3\lib\</path>
         <kind>archive</kind>
         <file>rts430_eabi.lib</file>
         <name>copy_zero_init.obj</name>
      </input_file>
      <input_file id="fl-37">
         <path>C:\ti\ccsv6\tools\compiler\ti-cgt-msp430_4.4.3\lib\</path>
         <kind>archive</kind>
         <file>rts430_eabi.lib</file>
         <name>div32u.obj</name>
      </input_file>
      <input_file id="fl-38">
         <path>C:\ti\ccsv6\tools\compiler\ti-cgt-msp430_4.4.3\lib\</path>
         <kind>archive</kind>
         <file>rts430_eabi.lib</file>
         <name>epilog.obj</name>
      </input_file>
      <input_file id="fl-39">
         <path>C:\ti\ccsv6\tools\compiler\ti-cgt-msp430_4.4.3\lib\</path>
         <kind>archive</kind>
         <file>rts430_eabi.lib</file>
         <name>exit.obj</name>
      </input_file>
      <input_file id="fl-3a">
         <path>C:\ti\ccsv6\tools\compiler\ti-cgt-msp430_4.4.3\lib\</path>
         <kind>archive</kind>
         <file>rts430_eabi.lib</file>
         <name>int00.obj</name>
      </input_file>
      <input_file id="fl-3b">
         <path>C:\ti\ccsv6\tools\compiler\ti-cgt-msp430_4.4.3\lib\</path>
         <kind>archive</kind>
         <file>rts430_eabi.lib</file>
         <name>int03.obj</name>
      </input_file>
      <input_file id="fl-3c">
         <path>C:\ti\ccsv6\tools\compiler\ti-cgt-msp430_4.4.3\lib\</path>
         <kind>archive</kind>
         <file>rts430_eabi.lib</file>
         <name>int05.obj</name>
      </input_file>
      <input_file id="fl-3d">
         <path>C:\ti\ccsv6\tools\compiler\ti-cgt-msp430_4.4.3\lib\</path>
         <kind>archive</kind>
         <file>rts430_eabi.lib</file>
         <name>int06.obj</name>
      </input_file>
      <input_file id="fl-3e">
         <path>C:\ti\ccsv6\tools\compiler\ti-cgt-msp430_4.4.3\lib\</path>
         <kind>archive</kind>
         <file>rts430_eabi.lib</file>
         <name>int08.obj</name>
      </input_file>
      <input_file id="fl-3f">
         <path>C:\ti\ccsv6\tools\compiler\ti-cgt-msp430_4.4.3\lib\</path>
         <kind>archive</kind>
         <file>rts430_eabi.lib</file>
         <name>int10.obj</name>
      </input_file>
      <input_file id="fl-40">
         <path>C:\ti\ccsv6\tools\compiler\ti-cgt-msp430_4.4.3\lib\</path>
         <kind>archive</kind>
         <file>rts430_eabi.lib</file>
         <name>int11.obj</name>
      </input_file>
      <input_file id="fl-41">
         <path>C:\ti\ccsv6\tools\compiler\ti-cgt-msp430_4.4.3\lib\</path>
         <kind>archive</kind>
         <file>rts430_eabi.lib</file>
         <name>int14.obj</name>
      </input_file>
      <input_file id="fl-42">
         <path>C:\ti\ccsv6\tools\compiler\ti-cgt-msp430_4.4.3\lib\</path>
         <kind>archive</kind>
         <file>rts430_eabi.lib</file>
         <name>isr_trap.obj</name>
      </input_file>
      <input_file id="fl-43">
         <path>C:\ti\ccsv6\tools\compiler\ti-cgt-msp430_4.4.3\lib\</path>
         <kind>archive</kind>
         <file>rts430_eabi.lib</file>
         <name>lsl16.obj</name>
      </input_file>
      <input_file id="fl-44">
         <path>C:\ti\ccsv6\tools\compiler\ti-cgt-msp430_4.4.3\lib\</path>
         <kind>archive</kind>
         <file>rts430_eabi.lib</file>
         <name>memcpy.obj</name>
      </input_file>
      <input_file id="fl-45">
         <path>C:\ti\ccsv6\tools\compiler\ti-cgt-msp430_4.4.3\lib\</path>
         <kind>archive</kind>
         <file>rts430_eabi.lib</file>
         <name>mpu_init.obj</name>
      </input_file>
      <input_file id="fl-46">
         <path>C:\ti\ccsv6\tools\compiler\ti-cgt-msp430_4.4.3\lib\</path>
         <kind>archive</kind>
         <file>rts430_eabi.lib</file>
         <name>mult16.obj</name>
      </input_file>
      <input_file id="fl-47">
         <path>C:\ti\ccsv6\tools\compiler\ti-cgt-msp430_4.4.3\lib\</path>
         <kind>archive</kind>
         <file>rts430_eabi.lib</file>
         <name>mult32.obj</name>
      </input_file>
      <input_file id="fl-48">
         <path>C:\ti\ccsv6\tools\compiler\ti-cgt-msp430_4.4.3\lib\</path>
         <kind>archive</kind>
         <file>rts430_eabi.lib</file>
         <name>pre_init.obj</name>
      </input_file>
      <input_file id="fl-49">
         <path>C:\ti\ccsv6\tools\compiler\ti-cgt-msp430_4.4.3\lib\</path>
         <kind>archive</kind>
         <file>rts430_eabi.lib</file>
         <name>_lock.obj</name>
      </input_file>
      <input_file id="fl-4a">
         <path>C:\ti\ccsv6\tools\compiler\ti-cgt-msp430_4.4.3\lib\</path>
         <kind>archive</kind>
         <file>rts430_eabi.lib</file>
         <name>args_main.obj</name>
      </input_file>
      <input_file id="fl-4b">
         <path>C:\ti\ccsv6\tools\compiler\ti-cgt-msp430_4.4.3\lib\</path>
         <kind>archive</kind>
         <file>rts430_eabi.lib</file>
         <name>autoinit.obj</name>
      </input_file>
   </input_file_list>
   <object_component_list>
      <object_component id="oc-23a">
         <name>.common:checksum</name>
         <uninitialized>true</uninitialized>
         <run_address>0x286</run_address>
         <size>0x2</size>
      </object_component>
      <object_component id="oc-226">
         <name>.common:BLE_address</name>
         <uninitialized>true</uninitialized>
         <run_address>0x270</run_address>
         <size>0x4</size>
      </object_component>
      <object_component id="oc-227">
         <name>.common:BLE_address_encrypted</name>
         <uninitialized>true</uninitialized>
         <run_address>0x274</run_address>
         <size>0x4</size>
      </object_component>
      <object_component id="oc-1d0">
         <name>.common:HOST_address_ASCII</name>
         <uninitialized>true</uninitialized>
         <run_address>0x258</run_address>
         <size>0x8</size>
      </object_component>
      <object_component id="oc-1e8">
         <name>.common:HOST_address_encrypted</name>
         <uninitialized>true</uninitialized>
         <run_address>0x278</run_address>
         <size>0x4</size>
      </object_component>
      <object_component id="oc-1c0">
         <name>.common:POLLING_HOST_address_ASCII</name>
         <uninitialized>true</uninitialized>
         <run_address>0x260</run_address>
         <size>0x8</size>
      </object_component>
      <object_component id="oc-1c6">
         <name>.common:POLLING_HOST_address_encrypted</name>
         <uninitialized>true</uninitialized>
         <run_address>0x27c</run_address>
         <size>0x4</size>
      </object_component>
      <object_component id="oc-12d">
         <name>.common:ping_flag</name>
         <uninitialized>true</uninitialized>
         <run_address>0x28a</run_address>
         <size>0x1</size>
      </object_component>
      <object_component id="oc-131">
         <name>.common:timer_flag</name>
         <uninitialized>true</uninitialized>
         <run_address>0x28c</run_address>
         <size>0x1</size>
      </object_component>
      <object_component id="oc-130">
         <name>.common:sensing_freq_val</name>
         <uninitialized>true</uninitialized>
         <run_address>0x280</run_address>
         <size>0x4</size>
      </object_component>
      <object_component id="oc-1af">
         <name>.common:store_group_value</name>
         <uninitialized>true</uninitialized>
         <run_address>0x28b</run_address>
         <size>0x1</size>
      </object_component>
      <object_component id="oc-12a">
         <name>.common:received_val</name>
         <uninitialized>true</uninitialized>
         <run_address>0x268</run_address>
         <size>0x8</size>
      </object_component>
      <object_component id="oc-223">
         <name>.common:percent_normalize</name>
         <uninitialized>true</uninitialized>
         <run_address>0x288</run_address>
         <size>0x2</size>
      </object_component>
      <object_component id="oc-224">
         <name>.common:case_value</name>
         <uninitialized>true</uninitialized>
         <run_address>0x284</run_address>
         <size>0x2</size>
      </object_component>
      <object_component id="oc-8c">
         <name>.stack</name>
         <uninitialized>true</uninitialized>
         <run_address>0x3b0</run_address>
         <size>0x2</size>
         <input_file_ref idref="fl-32"/>
      </object_component>
      <object_component id="oc-28e">
         <name>.stack</name>
         <uninitialized>true</uninitialized>
         <run_address>0x3b0</run_address>
         <size>0x0</size>
      </object_component>
      <object_component id="oc-f4">
         <name>.text:main</name>
         <load_address>0xc000</load_address>
         <run_address>0xc000</run_address>
         <size>0xd7a</size>
         <input_file_ref idref="fl-2"/>
      </object_component>
      <object_component id="oc-168">
         <name>.text:SYS_INIT</name>
         <load_address>0xcd7a</load_address>
         <run_address>0xcd7a</run_address>
         <size>0x2ee</size>
         <input_file_ref idref="fl-2"/>
      </object_component>
      <object_component id="oc-1d6">
         <name>.text:print_setting</name>
         <load_address>0xd068</load_address>
         <run_address>0xd068</run_address>
         <size>0x21e</size>
         <input_file_ref idref="fl-2"/>
      </object_component>
      <object_component id="oc-1a4">
         <name>.text:print_val1</name>
         <load_address>0xd286</load_address>
         <run_address>0xd286</run_address>
         <size>0x1ac</size>
         <input_file_ref idref="fl-2"/>
      </object_component>
      <object_component id="oc-1c7">
         <name>.text:print_address</name>
         <load_address>0xd432</load_address>
         <run_address>0xd432</run_address>
         <size>0x17c</size>
         <input_file_ref idref="fl-2"/>
      </object_component>
      <object_component id="oc-1e9">
         <name>.text:print_char</name>
         <load_address>0xd5ae</load_address>
         <run_address>0xd5ae</run_address>
         <size>0x15a</size>
         <input_file_ref idref="fl-2"/>
      </object_component>
      <object_component id="oc-1e2">
         <name>.text:flash_write</name>
         <load_address>0xd708</load_address>
         <run_address>0xd708</run_address>
         <size>0x128</size>
         <input_file_ref idref="fl-2"/>
      </object_component>
      <object_component id="oc-192">
         <name>.text:print_command</name>
         <load_address>0xd830</load_address>
         <run_address>0xd830</run_address>
         <size>0xe0</size>
         <input_file_ref idref="fl-2"/>
      </object_component>
      <object_component id="oc-19e">
         <name>.text:set_duty_cycle</name>
         <load_address>0xd910</load_address>
         <run_address>0xd910</run_address>
         <size>0xdc</size>
         <input_file_ref idref="fl-2"/>
      </object_component>
      <object_component id="oc-16e">
         <name>.text:get_ble_address</name>
         <load_address>0xd9ec</load_address>
         <run_address>0xd9ec</run_address>
         <size>0xca</size>
         <input_file_ref idref="fl-2"/>
      </object_component>
      <object_component id="oc-af">
         <name>.text:Port_1</name>
         <load_address>0xdab6</load_address>
         <run_address>0xdab6</run_address>
         <size>0x76</size>
         <input_file_ref idref="fl-2"/>
      </object_component>
      <object_component id="oc-b5">
         <name>.text:USCI0RX_ISR</name>
         <load_address>0xdb2c</load_address>
         <run_address>0xdb2c</run_address>
         <size>0x74</size>
         <input_file_ref idref="fl-2"/>
      </object_component>
      <object_component id="oc-9d">
         <name>.text:__TI_decompress_rle_core</name>
         <load_address>0xdba0</load_address>
         <run_address>0xdba0</run_address>
         <size>0x64</size>
         <input_file_ref idref="fl-35"/>
      </object_component>
      <object_component id="oc-da">
         <name>.text:_auto_init</name>
         <load_address>0xdc04</load_address>
         <run_address>0xdc04</run_address>
         <size>0x58</size>
         <input_file_ref idref="fl-4b"/>
      </object_component>
      <object_component id="oc-1d1">
         <name>.text</name>
         <load_address>0xdc5c</load_address>
         <run_address>0xdc5c</run_address>
         <size>0x58</size>
         <input_file_ref idref="fl-37"/>
      </object_component>
      <object_component id="oc-c7">
         <name>.text:Timer_A2</name>
         <load_address>0xdcb4</load_address>
         <run_address>0xdcb4</run_address>
         <size>0x40</size>
         <input_file_ref idref="fl-2"/>
      </object_component>
      <object_component id="oc-1b5">
         <name>.text:l_asr_const</name>
         <load_address>0xdcf4</load_address>
         <run_address>0xdcf4</run_address>
         <size>0x3e</size>
         <input_file_ref idref="fl-31"/>
      </object_component>
      <object_component id="oc-bb">
         <name>.text:Timer_A</name>
         <load_address>0xdd32</load_address>
         <run_address>0xdd32</run_address>
         <size>0x3a</size>
         <input_file_ref idref="fl-2"/>
      </object_component>
      <object_component id="oc-c1">
         <name>.text:Timer_A1</name>
         <load_address>0xdd6c</load_address>
         <run_address>0xdd6c</run_address>
         <size>0x2e</size>
         <input_file_ref idref="fl-2"/>
      </object_component>
      <object_component id="oc-1c1">
         <name>.text</name>
         <load_address>0xdd9a</load_address>
         <run_address>0xdd9a</run_address>
         <size>0x2c</size>
         <input_file_ref idref="fl-43"/>
      </object_component>
      <object_component id="oc-150">
         <name>.text:UART_INIT</name>
         <load_address>0xddc6</load_address>
         <run_address>0xddc6</run_address>
         <size>0x2a</size>
         <input_file_ref idref="fl-2"/>
      </object_component>
      <object_component id="oc-1dc">
         <name>.text:flash_erase</name>
         <load_address>0xddf0</load_address>
         <run_address>0xddf0</run_address>
         <size>0x28</size>
         <input_file_ref idref="fl-2"/>
      </object_component>
      <object_component id="oc-1b0">
         <name>.text</name>
         <load_address>0xde18</load_address>
         <run_address>0xde18</run_address>
         <size>0x26</size>
         <input_file_ref idref="fl-47"/>
      </object_component>
      <object_component id="oc-15c">
         <name>.text:TIMER_INIT</name>
         <load_address>0xde3e</load_address>
         <run_address>0xde3e</run_address>
         <size>0x1e</size>
         <input_file_ref idref="fl-2"/>
      </object_component>
      <object_component id="oc-162">
         <name>.text:PORT_OUT_INIT</name>
         <load_address>0xde5c</load_address>
         <run_address>0xde5c</run_address>
         <size>0x1c</size>
         <input_file_ref idref="fl-2"/>
      </object_component>
      <object_component id="oc-14a">
         <name>.text:CLOCK_INIT</name>
         <load_address>0xde78</load_address>
         <run_address>0xde78</run_address>
         <size>0x1a</size>
         <input_file_ref idref="fl-2"/>
      </object_component>
      <object_component id="oc-174">
         <name>.text:PORT_INIT</name>
         <load_address>0xde92</load_address>
         <run_address>0xde92</run_address>
         <size>0x1a</size>
         <input_file_ref idref="fl-2"/>
      </object_component>
      <object_component id="oc-68">
         <name>.text:_c_int00_noargs_noexit</name>
         <load_address>0xdeac</load_address>
         <run_address>0xdeac</run_address>
         <size>0x1a</size>
         <input_file_ref idref="fl-33"/>
      </object_component>
      <object_component id="oc-18c">
         <name>.text:PIR_INIT</name>
         <load_address>0xdec6</load_address>
         <run_address>0xdec6</run_address>
         <size>0x14</size>
         <input_file_ref idref="fl-2"/>
      </object_component>
      <object_component id="oc-4a">
         <name>.text:decompress:ZI:__TI_zero_init</name>
         <load_address>0xdeda</load_address>
         <run_address>0xdeda</run_address>
         <size>0x14</size>
         <input_file_ref idref="fl-36"/>
      </object_component>
      <object_component id="oc-1aa">
         <name>.text</name>
         <load_address>0xdeee</load_address>
         <run_address>0xdeee</run_address>
         <size>0x14</size>
         <input_file_ref idref="fl-46"/>
      </object_component>
      <object_component id="oc-17a">
         <name>.text:REQUEST_MODE_TIMER_INIT</name>
         <load_address>0xdf02</load_address>
         <run_address>0xdf02</run_address>
         <size>0x12</size>
         <input_file_ref idref="fl-2"/>
      </object_component>
      <object_component id="oc-31">
         <name>.text:decompress:none:__TI_decompress_none</name>
         <load_address>0xdf14</load_address>
         <run_address>0xdf14</run_address>
         <size>0x12</size>
         <input_file_ref idref="fl-34"/>
      </object_component>
      <object_component id="oc-90">
         <name>.text:memcpy</name>
         <load_address>0xdf26</load_address>
         <run_address>0xdf26</run_address>
         <size>0x12</size>
         <input_file_ref idref="fl-44"/>
      </object_component>
      <object_component id="oc-11d">
         <name>.text</name>
         <load_address>0xdf38</load_address>
         <run_address>0xdf38</run_address>
         <size>0x10</size>
         <input_file_ref idref="fl-38"/>
      </object_component>
      <object_component id="oc-180">
         <name>.text:TIMER_DISABLE</name>
         <load_address>0xdf48</load_address>
         <run_address>0xdf48</run_address>
         <size>0xe</size>
         <input_file_ref idref="fl-2"/>
      </object_component>
      <object_component id="oc-156">
         <name>.text:FLASH_INIT</name>
         <load_address>0xdf56</load_address>
         <run_address>0xdf56</run_address>
         <size>0x8</size>
         <input_file_ref idref="fl-2"/>
      </object_component>
      <object_component id="oc-186">
         <name>.text:REQUEST_MODE_TIMER_DISABLE</name>
         <load_address>0xdf5e</load_address>
         <run_address>0xdf5e</run_address>
         <size>0x8</size>
         <input_file_ref idref="fl-2"/>
      </object_component>
      <object_component id="oc-aa">
         <name>.text:_isr:__TI_ISR_TRAP</name>
         <load_address>0xdf66</load_address>
         <run_address>0xdf66</run_address>
         <size>0x6</size>
         <input_file_ref idref="fl-42"/>
      </object_component>
      <object_component id="oc-37">
         <name>.text:decompress:rle24:__TI_decompress_rle24</name>
         <load_address>0xdf6c</load_address>
         <run_address>0xdf6c</run_address>
         <size>0x6</size>
         <input_file_ref idref="fl-35"/>
      </object_component>
      <object_component id="oc-d4">
         <name>.text:_system_pre_init</name>
         <load_address>0xdf72</load_address>
         <run_address>0xdf72</run_address>
         <size>0x4</size>
         <input_file_ref idref="fl-48"/>
      </object_component>
      <object_component id="oc-fc">
         <name>.text:abort</name>
         <load_address>0xdf76</load_address>
         <run_address>0xdf76</run_address>
         <size>0x4</size>
         <input_file_ref idref="fl-39"/>
      </object_component>
      <object_component id="oc-21d">
         <name>.text:flash_read</name>
         <load_address>0xdf7a</load_address>
         <run_address>0xdf7a</run_address>
         <size>0x4</size>
         <input_file_ref idref="fl-2"/>
      </object_component>
      <object_component id="oc-28d">
         <name>.cinit..data.load</name>
         <load_address>0xe0b6</load_address>
         <run_address>0xe0b6</run_address>
         <size>0x40</size>
      </object_component>
      <object_component id="oc-28a">
         <name>__TI_handler_table</name>
         <load_address>0xe0f6</load_address>
         <run_address>0xe0f6</run_address>
         <size>0x6</size>
      </object_component>
      <object_component id="oc-28c">
         <name>.cinit..bss.load</name>
         <load_address>0xe0fc</load_address>
         <run_address>0xe0fc</run_address>
         <size>0x4</size>
      </object_component>
      <object_component id="oc-28b">
         <name>__TI_cinit_table</name>
         <load_address>0xe100</load_address>
         <run_address>0xe100</run_address>
         <size>0x8</size>
      </object_component>
      <object_component id="oc-19b">
         <name>.const:msg_arr</name>
         <load_address>0xdf7e</load_address>
         <run_address>0xdf7e</run_address>
         <size>0x130</size>
         <input_file_ref idref="fl-2"/>
      </object_component>
      <object_component id="oc-231">
         <name>.const:.string:LIS_command</name>
         <load_address>0xe0ae</load_address>
         <run_address>0xe0ae</run_address>
         <size>0x5</size>
         <input_file_ref idref="fl-2"/>
      </object_component>
      <object_component id="oc-22e">
         <name>.const:.string:send_msg</name>
         <load_address>0xe0b4</load_address>
         <run_address>0xe0b4</run_address>
         <size>0x2</size>
         <input_file_ref idref="fl-2"/>
      </object_component>
      <object_component id="oc-3d">
         <name>.int00</name>
         <load_address>0xffe0</load_address>
         <run_address>0xffe0</run_address>
         <size>0x2</size>
         <input_file_ref idref="fl-3a"/>
      </object_component>
      <object_component id="oc-3e">
         <name>.int02</name>
         <load_address>0xffe4</load_address>
         <run_address>0xffe4</run_address>
         <size>0x2</size>
         <input_file_ref idref="fl-2"/>
      </object_component>
      <object_component id="oc-3f">
         <name>.int03</name>
         <load_address>0xffe6</load_address>
         <run_address>0xffe6</run_address>
         <size>0x2</size>
         <input_file_ref idref="fl-3b"/>
      </object_component>
      <object_component id="oc-40">
         <name>.int05</name>
         <load_address>0xffea</load_address>
         <run_address>0xffea</run_address>
         <size>0x2</size>
         <input_file_ref idref="fl-3c"/>
      </object_component>
      <object_component id="oc-41">
         <name>.int06</name>
         <load_address>0xffec</load_address>
         <run_address>0xffec</run_address>
         <size>0x2</size>
         <input_file_ref idref="fl-3d"/>
      </object_component>
      <object_component id="oc-42">
         <name>.int07</name>
         <load_address>0xffee</load_address>
         <run_address>0xffee</run_address>
         <size>0x2</size>
         <input_file_ref idref="fl-2"/>
      </object_component>
      <object_component id="oc-43">
         <name>.int08</name>
         <load_address>0xfff0</load_address>
         <run_address>0xfff0</run_address>
         <size>0x2</size>
         <input_file_ref idref="fl-3e"/>
      </object_component>
      <object_component id="oc-44">
         <name>.int09</name>
         <load_address>0xfff2</load_address>
         <run_address>0xfff2</run_address>
         <size>0x2</size>
         <input_file_ref idref="fl-2"/>
      </object_component>
      <object_component id="oc-45">
         <name>.int10</name>
         <load_address>0xfff4</load_address>
         <run_address>0xfff4</run_address>
         <size>0x2</size>
         <input_file_ref idref="fl-3f"/>
      </object_component>
      <object_component id="oc-46">
         <name>.int11</name>
         <load_address>0xfff6</load_address>
         <run_address>0xfff6</run_address>
         <size>0x2</size>
         <input_file_ref idref="fl-40"/>
      </object_component>
      <object_component id="oc-47">
         <name>.int12</name>
         <load_address>0xfff8</load_address>
         <run_address>0xfff8</run_address>
         <size>0x2</size>
         <input_file_ref idref="fl-2"/>
      </object_component>
      <object_component id="oc-48">
         <name>.int13</name>
         <load_address>0xfffa</load_address>
         <run_address>0xfffa</run_address>
         <size>0x2</size>
         <input_file_ref idref="fl-2"/>
      </object_component>
      <object_component id="oc-49">
         <name>.int14</name>
         <load_address>0xfffc</load_address>
         <run_address>0xfffc</run_address>
         <size>0x2</size>
         <input_file_ref idref="fl-41"/>
      </object_component>
      <object_component id="oc-8f">
         <name>.reset</name>
         <load_address>0xfffe</load_address>
         <run_address>0xfffe</run_address>
         <size>0x2</size>
         <input_file_ref idref="fl-32"/>
      </object_component>
      <object_component id="oc-126">
         <name>.data</name>
         <load_address>0x200</load_address>
         <run_address>0x200</run_address>
         <size>0x47</size>
         <input_file_ref idref="fl-2"/>
      </object_component>
      <object_component id="oc-1cd">
         <name>.data:HOST_address</name>
         <load_address>0x24e</load_address>
         <run_address>0x24e</run_address>
         <size>0x4</size>
         <input_file_ref idref="fl-2"/>
      </object_component>
      <object_component id="oc-1bd">
         <name>.data:POLLING_HOST_address</name>
         <load_address>0x252</load_address>
         <run_address>0x252</run_address>
         <size>0x4</size>
         <input_file_ref idref="fl-2"/>
      </object_component>
      <object_component id="oc-198">
         <name>.data:group_array</name>
         <load_address>0x248</load_address>
         <run_address>0x248</run_address>
         <size>0x5</size>
         <input_file_ref idref="fl-2"/>
      </object_component>
      <object_component id="oc-1ba">
         <name>.data:temp_delay</name>
         <load_address>0x256</load_address>
         <run_address>0x256</run_address>
         <size>0x2</size>
         <input_file_ref idref="fl-2"/>
      </object_component>
      <object_component id="oc-12b">
         <name>.debug_info</name>
         <load_address>0x0</load_address>
         <run_address>0x0</run_address>
         <size>0xa4f</size>
         <input_file_ref idref="fl-2"/>
      </object_component>
      <object_component id="oc-127">
         <name>.debug_info</name>
         <load_address>0xa4f</load_address>
         <run_address>0xa4f</run_address>
         <size>0x7ab</size>
         <input_file_ref idref="fl-2"/>
      </object_component>
      <object_component id="oc-19c">
         <name>.debug_info</name>
         <load_address>0x11fa</load_address>
         <run_address>0x11fa</run_address>
         <size>0xc9</size>
         <input_file_ref idref="fl-2"/>
      </object_component>
      <object_component id="oc-22f">
         <name>.debug_info</name>
         <load_address>0x12c3</load_address>
         <run_address>0x12c3</run_address>
         <size>0xcb</size>
         <input_file_ref idref="fl-2"/>
      </object_component>
      <object_component id="oc-232">
         <name>.debug_info</name>
         <load_address>0x138e</load_address>
         <run_address>0x138e</run_address>
         <size>0xd1</size>
         <input_file_ref idref="fl-2"/>
      </object_component>
      <object_component id="oc-1ce">
         <name>.debug_info</name>
         <load_address>0x145f</load_address>
         <run_address>0x145f</run_address>
         <size>0xd4</size>
         <input_file_ref idref="fl-2"/>
      </object_component>
      <object_component id="oc-1be">
         <name>.debug_info</name>
         <load_address>0x1533</load_address>
         <run_address>0x1533</run_address>
         <size>0xe4</size>
         <input_file_ref idref="fl-2"/>
      </object_component>
      <object_component id="oc-199">
         <name>.debug_info</name>
         <load_address>0x1617</load_address>
         <run_address>0x1617</run_address>
         <size>0xd2</size>
         <input_file_ref idref="fl-2"/>
      </object_component>
      <object_component id="oc-1bb">
         <name>.debug_info</name>
         <load_address>0x16e9</load_address>
         <run_address>0x16e9</run_address>
         <size>0xd0</size>
         <input_file_ref idref="fl-2"/>
      </object_component>
      <object_component id="oc-19f">
         <name>.debug_info</name>
         <load_address>0x17b9</load_address>
         <run_address>0x17b9</run_address>
         <size>0x13e</size>
         <input_file_ref idref="fl-2"/>
      </object_component>
      <object_component id="oc-1a5">
         <name>.debug_info</name>
         <load_address>0x18f7</load_address>
         <run_address>0x18f7</run_address>
         <size>0x17b</size>
         <input_file_ref idref="fl-2"/>
      </object_component>
      <object_component id="oc-1d7">
         <name>.debug_info</name>
         <load_address>0x1a72</load_address>
         <run_address>0x1a72</run_address>
         <size>0x12e</size>
         <input_file_ref idref="fl-2"/>
      </object_component>
      <object_component id="oc-193">
         <name>.debug_info</name>
         <load_address>0x1ba0</load_address>
         <run_address>0x1ba0</run_address>
         <size>0x16a</size>
         <input_file_ref idref="fl-2"/>
      </object_component>
      <object_component id="oc-1ea">
         <name>.debug_info</name>
         <load_address>0x1d0a</load_address>
         <run_address>0x1d0a</run_address>
         <size>0x149</size>
         <input_file_ref idref="fl-2"/>
      </object_component>
      <object_component id="oc-1c8">
         <name>.debug_info</name>
         <load_address>0x1e53</load_address>
         <run_address>0x1e53</run_address>
         <size>0x15f</size>
         <input_file_ref idref="fl-2"/>
      </object_component>
      <object_component id="oc-14b">
         <name>.debug_info</name>
         <load_address>0x1fb2</load_address>
         <run_address>0x1fb2</run_address>
         <size>0xfd</size>
         <input_file_ref idref="fl-2"/>
      </object_component>
      <object_component id="oc-151">
         <name>.debug_info</name>
         <load_address>0x20af</load_address>
         <run_address>0x20af</run_address>
         <size>0xfb</size>
         <input_file_ref idref="fl-2"/>
      </object_component>
      <object_component id="oc-157">
         <name>.debug_info</name>
         <load_address>0x21aa</load_address>
         <run_address>0x21aa</run_address>
         <size>0xfd</size>
         <input_file_ref idref="fl-2"/>
      </object_component>
      <object_component id="oc-15d">
         <name>.debug_info</name>
         <load_address>0x22a7</load_address>
         <run_address>0x22a7</run_address>
         <size>0xfd</size>
         <input_file_ref idref="fl-2"/>
      </object_component>
      <object_component id="oc-163">
         <name>.debug_info</name>
         <load_address>0x23a4</load_address>
         <run_address>0x23a4</run_address>
         <size>0x103</size>
         <input_file_ref idref="fl-2"/>
      </object_component>
      <object_component id="oc-21e">
         <name>.debug_info</name>
         <load_address>0x24a7</load_address>
         <run_address>0x24a7</run_address>
         <size>0x12f</size>
         <input_file_ref idref="fl-2"/>
      </object_component>
      <object_component id="oc-169">
         <name>.debug_info</name>
         <load_address>0x25d6</load_address>
         <run_address>0x25d6</run_address>
         <size>0x4a1</size>
         <input_file_ref idref="fl-2"/>
      </object_component>
      <object_component id="oc-16f">
         <name>.debug_info</name>
         <load_address>0x2a77</load_address>
         <run_address>0x2a77</run_address>
         <size>0x133</size>
         <input_file_ref idref="fl-2"/>
      </object_component>
      <object_component id="oc-175">
         <name>.debug_info</name>
         <load_address>0x2baa</load_address>
         <run_address>0x2baa</run_address>
         <size>0xfb</size>
         <input_file_ref idref="fl-2"/>
      </object_component>
      <object_component id="oc-17b">
         <name>.debug_info</name>
         <load_address>0x2ca5</load_address>
         <run_address>0x2ca5</run_address>
         <size>0x117</size>
         <input_file_ref idref="fl-2"/>
      </object_component>
      <object_component id="oc-181">
         <name>.debug_info</name>
         <load_address>0x2dbc</load_address>
         <run_address>0x2dbc</run_address>
         <size>0x103</size>
         <input_file_ref idref="fl-2"/>
      </object_component>
      <object_component id="oc-187">
         <name>.debug_info</name>
         <load_address>0x2ebf</load_address>
         <run_address>0x2ebf</run_address>
         <size>0x11d</size>
         <input_file_ref idref="fl-2"/>
      </object_component>
      <object_component id="oc-18d">
         <name>.debug_info</name>
         <load_address>0x2fdc</load_address>
         <run_address>0x2fdc</run_address>
         <size>0xf9</size>
         <input_file_ref idref="fl-2"/>
      </object_component>
      <object_component id="oc-1dd">
         <name>.debug_info</name>
         <load_address>0x30d5</load_address>
         <run_address>0x30d5</run_address>
         <size>0x11a</size>
         <input_file_ref idref="fl-2"/>
      </object_component>
      <object_component id="oc-1e3">
         <name>.debug_info</name>
         <load_address>0x31ef</load_address>
         <run_address>0x31ef</run_address>
         <size>0x385</size>
         <input_file_ref idref="fl-2"/>
      </object_component>
      <object_component id="oc-f5">
         <name>.debug_info</name>
         <load_address>0x3574</load_address>
         <run_address>0x3574</run_address>
         <size>0x88e</size>
         <input_file_ref idref="fl-2"/>
      </object_component>
      <object_component id="oc-b6">
         <name>.debug_info</name>
         <load_address>0x3e02</load_address>
         <run_address>0x3e02</run_address>
         <size>0x100</size>
         <input_file_ref idref="fl-2"/>
      </object_component>
      <object_component id="oc-c8">
         <name>.debug_info</name>
         <load_address>0x3f02</load_address>
         <run_address>0x3f02</run_address>
         <size>0xfa</size>
         <input_file_ref idref="fl-2"/>
      </object_component>
      <object_component id="oc-c2">
         <name>.debug_info</name>
         <load_address>0x3ffc</load_address>
         <run_address>0x3ffc</run_address>
         <size>0xfa</size>
         <input_file_ref idref="fl-2"/>
      </object_component>
      <object_component id="oc-bc">
         <name>.debug_info</name>
         <load_address>0x40f6</load_address>
         <run_address>0x40f6</run_address>
         <size>0xf8</size>
         <input_file_ref idref="fl-2"/>
      </object_component>
      <object_component id="oc-b0">
         <name>.debug_info</name>
         <load_address>0x41ee</load_address>
         <run_address>0x41ee</run_address>
         <size>0xf6</size>
         <input_file_ref idref="fl-2"/>
      </object_component>
      <object_component id="oc-10a">
         <name>.debug_info</name>
         <load_address>0x42e4</load_address>
         <run_address>0x42e4</run_address>
         <size>0x84</size>
         <input_file_ref idref="fl-2"/>
      </object_component>
      <object_component id="oc-1b8">
         <name>.debug_info</name>
         <load_address>0x4368</load_address>
         <run_address>0x4368</run_address>
         <size>0x105</size>
         <input_file_ref idref="fl-31"/>
      </object_component>
      <object_component id="oc-8d">
         <name>.debug_info</name>
         <load_address>0x446d</load_address>
         <run_address>0x446d</run_address>
         <size>0xd8</size>
         <input_file_ref idref="fl-32"/>
      </object_component>
      <object_component id="oc-69">
         <name>.debug_info</name>
         <load_address>0x4545</load_address>
         <run_address>0x4545</run_address>
         <size>0x179</size>
         <input_file_ref idref="fl-33"/>
      </object_component>
      <object_component id="oc-9c">
         <name>.debug_info</name>
         <load_address>0x46be</load_address>
         <run_address>0x46be</run_address>
         <size>0x195</size>
         <input_file_ref idref="fl-34"/>
      </object_component>
      <object_component id="oc-35">
         <name>.debug_info</name>
         <load_address>0x4853</load_address>
         <run_address>0x4853</run_address>
         <size>0x1c2</size>
         <input_file_ref idref="fl-34"/>
      </object_component>
      <object_component id="oc-97">
         <name>.debug_info</name>
         <load_address>0x4a15</load_address>
         <run_address>0x4a15</run_address>
         <size>0x46</size>
         <input_file_ref idref="fl-34"/>
      </object_component>
      <object_component id="oc-116">
         <name>.debug_info</name>
         <load_address>0x4a5b</load_address>
         <run_address>0x4a5b</run_address>
         <size>0x2c</size>
         <input_file_ref idref="fl-34"/>
      </object_component>
      <object_component id="oc-a4">
         <name>.debug_info</name>
         <load_address>0x4a87</load_address>
         <run_address>0x4a87</run_address>
         <size>0x157</size>
         <input_file_ref idref="fl-35"/>
      </object_component>
      <object_component id="oc-9e">
         <name>.debug_info</name>
         <load_address>0x4bde</load_address>
         <run_address>0x4bde</run_address>
         <size>0x21d</size>
         <input_file_ref idref="fl-35"/>
      </object_component>
      <object_component id="oc-38">
         <name>.debug_info</name>
         <load_address>0x4dfb</load_address>
         <run_address>0x4dfb</run_address>
         <size>0x194</size>
         <input_file_ref idref="fl-35"/>
      </object_component>
      <object_component id="oc-a5">
         <name>.debug_info</name>
         <load_address>0x4f8f</load_address>
         <run_address>0x4f8f</run_address>
         <size>0x39</size>
         <input_file_ref idref="fl-35"/>
      </object_component>
      <object_component id="oc-d3">
         <name>.debug_info</name>
         <load_address>0x4fc8</load_address>
         <run_address>0x4fc8</run_address>
         <size>0x14d</size>
         <input_file_ref idref="fl-36"/>
      </object_component>
      <object_component id="oc-4c">
         <name>.debug_info</name>
         <load_address>0x5115</load_address>
         <run_address>0x5115</run_address>
         <size>0x198</size>
         <input_file_ref idref="fl-36"/>
      </object_component>
      <object_component id="oc-ce">
         <name>.debug_info</name>
         <load_address>0x52ad</load_address>
         <run_address>0x52ad</run_address>
         <size>0x46</size>
         <input_file_ref idref="fl-36"/>
      </object_component>
      <object_component id="oc-111">
         <name>.debug_info</name>
         <load_address>0x52f3</load_address>
         <run_address>0x52f3</run_address>
         <size>0x2c</size>
         <input_file_ref idref="fl-36"/>
      </object_component>
      <object_component id="oc-1d2">
         <name>.debug_info</name>
         <load_address>0x531f</load_address>
         <run_address>0x531f</run_address>
         <size>0x102</size>
         <input_file_ref idref="fl-37"/>
      </object_component>
      <object_component id="oc-120">
         <name>.debug_info</name>
         <load_address>0x5421</load_address>
         <run_address>0x5421</run_address>
         <size>0x10d</size>
         <input_file_ref idref="fl-38"/>
      </object_component>
      <object_component id="oc-ff">
         <name>.debug_info</name>
         <load_address>0x552e</load_address>
         <run_address>0x552e</run_address>
         <size>0xfa</size>
         <input_file_ref idref="fl-39"/>
      </object_component>
      <object_component id="oc-ab">
         <name>.debug_info</name>
         <load_address>0x5628</load_address>
         <run_address>0x5628</run_address>
         <size>0xee</size>
         <input_file_ref idref="fl-42"/>
      </object_component>
      <object_component id="oc-1c4">
         <name>.debug_info</name>
         <load_address>0x5716</load_address>
         <run_address>0x5716</run_address>
         <size>0xff</size>
         <input_file_ref idref="fl-43"/>
      </object_component>
      <object_component id="oc-110">
         <name>.debug_info</name>
         <load_address>0x5815</load_address>
         <run_address>0x5815</run_address>
         <size>0x150</size>
         <input_file_ref idref="fl-44"/>
      </object_component>
      <object_component id="oc-93">
         <name>.debug_info</name>
         <load_address>0x5965</load_address>
         <run_address>0x5965</run_address>
         <size>0x174</size>
         <input_file_ref idref="fl-44"/>
      </object_component>
      <object_component id="oc-1ac">
         <name>.debug_info</name>
         <load_address>0x5ad9</load_address>
         <run_address>0x5ad9</run_address>
         <size>0x100</size>
         <input_file_ref idref="fl-46"/>
      </object_component>
      <object_component id="oc-1b2">
         <name>.debug_info</name>
         <load_address>0x5bd9</load_address>
         <run_address>0x5bd9</run_address>
         <size>0x100</size>
         <input_file_ref idref="fl-47"/>
      </object_component>
      <object_component id="oc-d6">
         <name>.debug_info</name>
         <load_address>0x5cd9</load_address>
         <run_address>0x5cd9</run_address>
         <size>0x12b</size>
         <input_file_ref idref="fl-48"/>
      </object_component>
      <object_component id="oc-138">
         <name>.debug_info</name>
         <load_address>0x5e04</load_address>
         <run_address>0x5e04</run_address>
         <size>0x2cc</size>
         <input_file_ref idref="fl-4b"/>
      </object_component>
      <object_component id="oc-db">
         <name>.debug_info</name>
         <load_address>0x60d0</load_address>
         <run_address>0x60d0</run_address>
         <size>0x17e</size>
         <input_file_ref idref="fl-4b"/>
      </object_component>
      <object_component id="oc-1fa">
         <name>.debug_info</name>
         <load_address>0x624e</load_address>
         <run_address>0x624e</run_address>
         <size>0x39</size>
         <input_file_ref idref="fl-4b"/>
      </object_component>
      <object_component id="oc-28f">
         <name>.debug_info</name>
         <load_address>0x6287</load_address>
         <run_address>0x6287</run_address>
         <size>0xa2</size>
      </object_component>
      <object_component id="oc-1f7">
         <name>.debug_line</name>
         <load_address>0x0</load_address>
         <run_address>0x0</run_address>
         <size>0xa9</size>
         <input_file_ref idref="fl-2"/>
      </object_component>
      <object_component id="oc-1f5">
         <name>.debug_line</name>
         <load_address>0xa9</load_address>
         <run_address>0xa9</run_address>
         <size>0x2d</size>
         <input_file_ref idref="fl-2"/>
      </object_component>
      <object_component id="oc-238">
         <name>.debug_line</name>
         <load_address>0xd6</load_address>
         <run_address>0xd6</run_address>
         <size>0x2d</size>
         <input_file_ref idref="fl-2"/>
      </object_component>
      <object_component id="oc-253">
         <name>.debug_line</name>
         <load_address>0x103</load_address>
         <run_address>0x103</run_address>
         <size>0x2d</size>
         <input_file_ref idref="fl-2"/>
      </object_component>
      <object_component id="oc-255">
         <name>.debug_line</name>
         <load_address>0x130</load_address>
         <run_address>0x130</run_address>
         <size>0x2d</size>
         <input_file_ref idref="fl-2"/>
      </object_component>
      <object_component id="oc-246">
         <name>.debug_line</name>
         <load_address>0x15d</load_address>
         <run_address>0x15d</run_address>
         <size>0x2d</size>
         <input_file_ref idref="fl-2"/>
      </object_component>
      <object_component id="oc-242">
         <name>.debug_line</name>
         <load_address>0x18a</load_address>
         <run_address>0x18a</run_address>
         <size>0x2d</size>
         <input_file_ref idref="fl-2"/>
      </object_component>
      <object_component id="oc-236">
         <name>.debug_line</name>
         <load_address>0x1b7</load_address>
         <run_address>0x1b7</run_address>
         <size>0x2d</size>
         <input_file_ref idref="fl-2"/>
      </object_component>
      <object_component id="oc-240">
         <name>.debug_line</name>
         <load_address>0x1e4</load_address>
         <run_address>0x1e4</run_address>
         <size>0x2d</size>
         <input_file_ref idref="fl-2"/>
      </object_component>
      <object_component id="oc-1a2">
         <name>.debug_line</name>
         <load_address>0x211</load_address>
         <run_address>0x211</run_address>
         <size>0x99</size>
         <input_file_ref idref="fl-2"/>
      </object_component>
      <object_component id="oc-1a8">
         <name>.debug_line</name>
         <load_address>0x2aa</load_address>
         <run_address>0x2aa</run_address>
         <size>0x114</size>
         <input_file_ref idref="fl-2"/>
      </object_component>
      <object_component id="oc-1da">
         <name>.debug_line</name>
         <load_address>0x3be</load_address>
         <run_address>0x3be</run_address>
         <size>0x135</size>
         <input_file_ref idref="fl-2"/>
      </object_component>
      <object_component id="oc-196">
         <name>.debug_line</name>
         <load_address>0x4f3</load_address>
         <run_address>0x4f3</run_address>
         <size>0xa6</size>
         <input_file_ref idref="fl-2"/>
      </object_component>
      <object_component id="oc-1ed">
         <name>.debug_line</name>
         <load_address>0x599</load_address>
         <run_address>0x599</run_address>
         <size>0xe6</size>
         <input_file_ref idref="fl-2"/>
      </object_component>
      <object_component id="oc-1cb">
         <name>.debug_line</name>
         <load_address>0x67f</load_address>
         <run_address>0x67f</run_address>
         <size>0xf7</size>
         <input_file_ref idref="fl-2"/>
      </object_component>
      <object_component id="oc-14e">
         <name>.debug_line</name>
         <load_address>0x776</load_address>
         <run_address>0x776</run_address>
         <size>0x46</size>
         <input_file_ref idref="fl-2"/>
      </object_component>
      <object_component id="oc-154">
         <name>.debug_line</name>
         <load_address>0x7bc</load_address>
         <run_address>0x7bc</run_address>
         <size>0x47</size>
         <input_file_ref idref="fl-2"/>
      </object_component>
      <object_component id="oc-15a">
         <name>.debug_line</name>
         <load_address>0x803</load_address>
         <run_address>0x803</run_address>
         <size>0x40</size>
         <input_file_ref idref="fl-2"/>
      </object_component>
      <object_component id="oc-160">
         <name>.debug_line</name>
         <load_address>0x843</load_address>
         <run_address>0x843</run_address>
         <size>0x44</size>
         <input_file_ref idref="fl-2"/>
      </object_component>
      <object_component id="oc-166">
         <name>.debug_line</name>
         <load_address>0x887</load_address>
         <run_address>0x887</run_address>
         <size>0x44</size>
         <input_file_ref idref="fl-2"/>
      </object_component>
      <object_component id="oc-221">
         <name>.debug_line</name>
         <load_address>0x8cb</load_address>
         <run_address>0x8cb</run_address>
         <size>0x40</size>
         <input_file_ref idref="fl-2"/>
      </object_component>
      <object_component id="oc-16c">
         <name>.debug_line</name>
         <load_address>0x90b</load_address>
         <run_address>0x90b</run_address>
         <size>0xcd</size>
         <input_file_ref idref="fl-2"/>
      </object_component>
      <object_component id="oc-172">
         <name>.debug_line</name>
         <load_address>0x9d8</load_address>
         <run_address>0x9d8</run_address>
         <size>0x7e</size>
         <input_file_ref idref="fl-2"/>
      </object_component>
      <object_component id="oc-178">
         <name>.debug_line</name>
         <load_address>0xa56</load_address>
         <run_address>0xa56</run_address>
         <size>0x45</size>
         <input_file_ref idref="fl-2"/>
      </object_component>
      <object_component id="oc-17e">
         <name>.debug_line</name>
         <load_address>0xa9b</load_address>
         <run_address>0xa9b</run_address>
         <size>0x42</size>
         <input_file_ref idref="fl-2"/>
      </object_component>
      <object_component id="oc-184">
         <name>.debug_line</name>
         <load_address>0xadd</load_address>
         <run_address>0xadd</run_address>
         <size>0x41</size>
         <input_file_ref idref="fl-2"/>
      </object_component>
      <object_component id="oc-18a">
         <name>.debug_line</name>
         <load_address>0xb1e</load_address>
         <run_address>0xb1e</run_address>
         <size>0x40</size>
         <input_file_ref idref="fl-2"/>
      </object_component>
      <object_component id="oc-190">
         <name>.debug_line</name>
         <load_address>0xb5e</load_address>
         <run_address>0xb5e</run_address>
         <size>0x42</size>
         <input_file_ref idref="fl-2"/>
      </object_component>
      <object_component id="oc-1e0">
         <name>.debug_line</name>
         <load_address>0xba0</load_address>
         <run_address>0xba0</run_address>
         <size>0x45</size>
         <input_file_ref idref="fl-2"/>
      </object_component>
      <object_component id="oc-1e6">
         <name>.debug_line</name>
         <load_address>0xbe5</load_address>
         <run_address>0xbe5</run_address>
         <size>0xb6</size>
         <input_file_ref idref="fl-2"/>
      </object_component>
      <object_component id="oc-f8">
         <name>.debug_line</name>
         <load_address>0xc9b</load_address>
         <run_address>0xc9b</run_address>
         <size>0x534</size>
         <input_file_ref idref="fl-2"/>
      </object_component>
      <object_component id="oc-b9">
         <name>.debug_line</name>
         <load_address>0x11cf</load_address>
         <run_address>0x11cf</run_address>
         <size>0x59</size>
         <input_file_ref idref="fl-2"/>
      </object_component>
      <object_component id="oc-cb">
         <name>.debug_line</name>
         <load_address>0x1228</load_address>
         <run_address>0x1228</run_address>
         <size>0x53</size>
         <input_file_ref idref="fl-2"/>
      </object_component>
      <object_component id="oc-c5">
         <name>.debug_line</name>
         <load_address>0x127b</load_address>
         <run_address>0x127b</run_address>
         <size>0x49</size>
         <input_file_ref idref="fl-2"/>
      </object_component>
      <object_component id="oc-bf">
         <name>.debug_line</name>
         <load_address>0x12c4</load_address>
         <run_address>0x12c4</run_address>
         <size>0x4a</size>
         <input_file_ref idref="fl-2"/>
      </object_component>
      <object_component id="oc-b3">
         <name>.debug_line</name>
         <load_address>0x130e</load_address>
         <run_address>0x130e</run_address>
         <size>0x5c</size>
         <input_file_ref idref="fl-2"/>
      </object_component>
      <object_component id="oc-10d">
         <name>.debug_line</name>
         <load_address>0x136a</load_address>
         <run_address>0x136a</run_address>
         <size>0x20</size>
         <input_file_ref idref="fl-2"/>
      </object_component>
      <object_component id="oc-1b7">
         <name>.debug_line</name>
         <load_address>0x138a</load_address>
         <run_address>0x138a</run_address>
         <size>0x56</size>
         <input_file_ref idref="fl-31"/>
      </object_component>
      <object_component id="oc-109">
         <name>.debug_line</name>
         <load_address>0x13e0</load_address>
         <run_address>0x13e0</run_address>
         <size>0x2a</size>
         <input_file_ref idref="fl-32"/>
      </object_component>
      <object_component id="oc-6d">
         <name>.debug_line</name>
         <load_address>0x140a</load_address>
         <run_address>0x140a</run_address>
         <size>0x4c</size>
         <input_file_ref idref="fl-33"/>
      </object_component>
      <object_component id="oc-11c">
         <name>.debug_line</name>
         <load_address>0x1456</load_address>
         <run_address>0x1456</run_address>
         <size>0x72</size>
         <input_file_ref idref="fl-34"/>
      </object_component>
      <object_component id="oc-34">
         <name>.debug_line</name>
         <load_address>0x14c8</load_address>
         <run_address>0x14c8</run_address>
         <size>0x50</size>
         <input_file_ref idref="fl-34"/>
      </object_component>
      <object_component id="oc-9a">
         <name>.debug_line</name>
         <load_address>0x1518</load_address>
         <run_address>0x1518</run_address>
         <size>0x3a</size>
         <input_file_ref idref="fl-34"/>
      </object_component>
      <object_component id="oc-119">
         <name>.debug_line</name>
         <load_address>0x1552</load_address>
         <run_address>0x1552</run_address>
         <size>0x72</size>
         <input_file_ref idref="fl-34"/>
      </object_component>
      <object_component id="oc-124">
         <name>.debug_line</name>
         <load_address>0x15c4</load_address>
         <run_address>0x15c4</run_address>
         <size>0x20</size>
         <input_file_ref idref="fl-35"/>
      </object_component>
      <object_component id="oc-a2">
         <name>.debug_line</name>
         <load_address>0x15e4</load_address>
         <run_address>0x15e4</run_address>
         <size>0x87</size>
         <input_file_ref idref="fl-35"/>
      </object_component>
      <object_component id="oc-3b">
         <name>.debug_line</name>
         <load_address>0x166b</load_address>
         <run_address>0x166b</run_address>
         <size>0x49</size>
         <input_file_ref idref="fl-35"/>
      </object_component>
      <object_component id="oc-a8">
         <name>.debug_line</name>
         <load_address>0x16b4</load_address>
         <run_address>0x16b4</run_address>
         <size>0x39</size>
         <input_file_ref idref="fl-35"/>
      </object_component>
      <object_component id="oc-135">
         <name>.debug_line</name>
         <load_address>0x16ed</load_address>
         <run_address>0x16ed</run_address>
         <size>0x20</size>
         <input_file_ref idref="fl-36"/>
      </object_component>
      <object_component id="oc-4f">
         <name>.debug_line</name>
         <load_address>0x170d</load_address>
         <run_address>0x170d</run_address>
         <size>0x4d</size>
         <input_file_ref idref="fl-36"/>
      </object_component>
      <object_component id="oc-d1">
         <name>.debug_line</name>
         <load_address>0x175a</load_address>
         <run_address>0x175a</run_address>
         <size>0x34</size>
         <input_file_ref idref="fl-36"/>
      </object_component>
      <object_component id="oc-114">
         <name>.debug_line</name>
         <load_address>0x178e</load_address>
         <run_address>0x178e</run_address>
         <size>0x72</size>
         <input_file_ref idref="fl-36"/>
      </object_component>
      <object_component id="oc-1d5">
         <name>.debug_line</name>
         <load_address>0x1800</load_address>
         <run_address>0x1800</run_address>
         <size>0x64</size>
         <input_file_ref idref="fl-37"/>
      </object_component>
      <object_component id="oc-11e">
         <name>.debug_line</name>
         <load_address>0x1864</load_address>
         <run_address>0x1864</run_address>
         <size>0x40</size>
         <input_file_ref idref="fl-38"/>
      </object_component>
      <object_component id="oc-101">
         <name>.debug_line</name>
         <load_address>0x18a4</load_address>
         <run_address>0x18a4</run_address>
         <size>0x3a</size>
         <input_file_ref idref="fl-39"/>
      </object_component>
      <object_component id="oc-ae">
         <name>.debug_line</name>
         <load_address>0x18de</load_address>
         <run_address>0x18de</run_address>
         <size>0x3c</size>
         <input_file_ref idref="fl-42"/>
      </object_component>
      <object_component id="oc-1c2">
         <name>.debug_line</name>
         <load_address>0x191a</load_address>
         <run_address>0x191a</run_address>
         <size>0x4e</size>
         <input_file_ref idref="fl-43"/>
      </object_component>
      <object_component id="oc-1f2">
         <name>.debug_line</name>
         <load_address>0x1968</load_address>
         <run_address>0x1968</run_address>
         <size>0x20</size>
         <input_file_ref idref="fl-44"/>
      </object_component>
      <object_component id="oc-92">
         <name>.debug_line</name>
         <load_address>0x1988</load_address>
         <run_address>0x1988</run_address>
         <size>0x45</size>
         <input_file_ref idref="fl-44"/>
      </object_component>
      <object_component id="oc-1ae">
         <name>.debug_line</name>
         <load_address>0x19cd</load_address>
         <run_address>0x19cd</run_address>
         <size>0x42</size>
         <input_file_ref idref="fl-46"/>
      </object_component>
      <object_component id="oc-1b1">
         <name>.debug_line</name>
         <load_address>0x1a0f</load_address>
         <run_address>0x1a0f</run_address>
         <size>0x4b</size>
         <input_file_ref idref="fl-47"/>
      </object_component>
      <object_component id="oc-d5">
         <name>.debug_line</name>
         <load_address>0x1a5a</load_address>
         <run_address>0x1a5a</run_address>
         <size>0x3e</size>
         <input_file_ref idref="fl-48"/>
      </object_component>
      <object_component id="oc-1f9">
         <name>.debug_line</name>
         <load_address>0x1a98</load_address>
         <run_address>0x1a98</run_address>
         <size>0x2e</size>
         <input_file_ref idref="fl-4b"/>
      </object_component>
      <object_component id="oc-de">
         <name>.debug_line</name>
         <load_address>0x1ac6</load_address>
         <run_address>0x1ac6</run_address>
         <size>0x7b</size>
         <input_file_ref idref="fl-4b"/>
      </object_component>
      <object_component id="oc-1fd">
         <name>.debug_line</name>
         <load_address>0x1b41</load_address>
         <run_address>0x1b41</run_address>
         <size>0x2e</size>
         <input_file_ref idref="fl-4b"/>
      </object_component>
      <object_component id="oc-1a3">
         <name>.debug_frame</name>
         <load_address>0x0</load_address>
         <run_address>0x0</run_address>
         <size>0x48</size>
         <input_file_ref idref="fl-2"/>
      </object_component>
      <object_component id="oc-1a9">
         <name>.debug_frame</name>
         <load_address>0x48</load_address>
         <run_address>0x48</run_address>
         <size>0x48</size>
         <input_file_ref idref="fl-2"/>
      </object_component>
      <object_component id="oc-1db">
         <name>.debug_frame</name>
         <load_address>0x90</load_address>
         <run_address>0x90</run_address>
         <size>0x48</size>
         <input_file_ref idref="fl-2"/>
      </object_component>
      <object_component id="oc-197">
         <name>.debug_frame</name>
         <load_address>0xd8</load_address>
         <run_address>0xd8</run_address>
         <size>0x5b</size>
         <input_file_ref idref="fl-2"/>
      </object_component>
      <object_component id="oc-1ee">
         <name>.debug_frame</name>
         <load_address>0x133</load_address>
         <run_address>0x133</run_address>
         <size>0x48</size>
         <input_file_ref idref="fl-2"/>
      </object_component>
      <object_component id="oc-1cc">
         <name>.debug_frame</name>
         <load_address>0x17b</load_address>
         <run_address>0x17b</run_address>
         <size>0x48</size>
         <input_file_ref idref="fl-2"/>
      </object_component>
      <object_component id="oc-14f">
         <name>.debug_frame</name>
         <load_address>0x1c3</load_address>
         <run_address>0x1c3</run_address>
         <size>0x4b</size>
         <input_file_ref idref="fl-2"/>
      </object_component>
      <object_component id="oc-155">
         <name>.debug_frame</name>
         <load_address>0x20e</load_address>
         <run_address>0x20e</run_address>
         <size>0x47</size>
         <input_file_ref idref="fl-2"/>
      </object_component>
      <object_component id="oc-15b">
         <name>.debug_frame</name>
         <load_address>0x255</load_address>
         <run_address>0x255</run_address>
         <size>0x47</size>
         <input_file_ref idref="fl-2"/>
      </object_component>
      <object_component id="oc-161">
         <name>.debug_frame</name>
         <load_address>0x29c</load_address>
         <run_address>0x29c</run_address>
         <size>0x47</size>
         <input_file_ref idref="fl-2"/>
      </object_component>
      <object_component id="oc-167">
         <name>.debug_frame</name>
         <load_address>0x2e3</load_address>
         <run_address>0x2e3</run_address>
         <size>0x47</size>
         <input_file_ref idref="fl-2"/>
      </object_component>
      <object_component id="oc-222">
         <name>.debug_frame</name>
         <load_address>0x32a</load_address>
         <run_address>0x32a</run_address>
         <size>0x47</size>
         <input_file_ref idref="fl-2"/>
      </object_component>
      <object_component id="oc-16d">
         <name>.debug_frame</name>
         <load_address>0x371</load_address>
         <run_address>0x371</run_address>
         <size>0x5b</size>
         <input_file_ref idref="fl-2"/>
      </object_component>
      <object_component id="oc-173">
         <name>.debug_frame</name>
         <load_address>0x3cc</load_address>
         <run_address>0x3cc</run_address>
         <size>0x48</size>
         <input_file_ref idref="fl-2"/>
      </object_component>
      <object_component id="oc-179">
         <name>.debug_frame</name>
         <load_address>0x414</load_address>
         <run_address>0x414</run_address>
         <size>0x47</size>
         <input_file_ref idref="fl-2"/>
      </object_component>
      <object_component id="oc-17f">
         <name>.debug_frame</name>
         <load_address>0x45b</load_address>
         <run_address>0x45b</run_address>
         <size>0x47</size>
         <input_file_ref idref="fl-2"/>
      </object_component>
      <object_component id="oc-185">
         <name>.debug_frame</name>
         <load_address>0x4a2</load_address>
         <run_address>0x4a2</run_address>
         <size>0x47</size>
         <input_file_ref idref="fl-2"/>
      </object_component>
      <object_component id="oc-18b">
         <name>.debug_frame</name>
         <load_address>0x4e9</load_address>
         <run_address>0x4e9</run_address>
         <size>0x47</size>
         <input_file_ref idref="fl-2"/>
      </object_component>
      <object_component id="oc-191">
         <name>.debug_frame</name>
         <load_address>0x530</load_address>
         <run_address>0x530</run_address>
         <size>0x47</size>
         <input_file_ref idref="fl-2"/>
      </object_component>
      <object_component id="oc-1e1">
         <name>.debug_frame</name>
         <load_address>0x577</load_address>
         <run_address>0x577</run_address>
         <size>0x47</size>
         <input_file_ref idref="fl-2"/>
      </object_component>
      <object_component id="oc-1e7">
         <name>.debug_frame</name>
         <load_address>0x5be</load_address>
         <run_address>0x5be</run_address>
         <size>0x48</size>
         <input_file_ref idref="fl-2"/>
      </object_component>
      <object_component id="oc-f9">
         <name>.debug_frame</name>
         <load_address>0x606</load_address>
         <run_address>0x606</run_address>
         <size>0xfe</size>
         <input_file_ref idref="fl-2"/>
      </object_component>
      <object_component id="oc-ba">
         <name>.debug_frame</name>
         <load_address>0x704</load_address>
         <run_address>0x704</run_address>
         <size>0x50</size>
         <input_file_ref idref="fl-2"/>
      </object_component>
      <object_component id="oc-cc">
         <name>.debug_frame</name>
         <load_address>0x754</load_address>
         <run_address>0x754</run_address>
         <size>0x47</size>
         <input_file_ref idref="fl-2"/>
      </object_component>
      <object_component id="oc-c6">
         <name>.debug_frame</name>
         <load_address>0x79b</load_address>
         <run_address>0x79b</run_address>
         <size>0x50</size>
         <input_file_ref idref="fl-2"/>
      </object_component>
      <object_component id="oc-c0">
         <name>.debug_frame</name>
         <load_address>0x7eb</load_address>
         <run_address>0x7eb</run_address>
         <size>0x59</size>
         <input_file_ref idref="fl-2"/>
      </object_component>
      <object_component id="oc-b4">
         <name>.debug_frame</name>
         <load_address>0x844</load_address>
         <run_address>0x844</run_address>
         <size>0x47</size>
         <input_file_ref idref="fl-2"/>
      </object_component>
      <object_component id="oc-6c">
         <name>.debug_frame</name>
         <load_address>0x88b</load_address>
         <run_address>0x88b</run_address>
         <size>0x42</size>
         <input_file_ref idref="fl-33"/>
      </object_component>
      <object_component id="oc-33">
         <name>.debug_frame</name>
         <load_address>0x8cd</load_address>
         <run_address>0x8cd</run_address>
         <size>0x47</size>
         <input_file_ref idref="fl-34"/>
      </object_component>
      <object_component id="oc-a1">
         <name>.debug_frame</name>
         <load_address>0x914</load_address>
         <run_address>0x914</run_address>
         <size>0x51</size>
         <input_file_ref idref="fl-35"/>
      </object_component>
      <object_component id="oc-3c">
         <name>.debug_frame</name>
         <load_address>0x965</load_address>
         <run_address>0x965</run_address>
         <size>0x47</size>
         <input_file_ref idref="fl-35"/>
      </object_component>
      <object_component id="oc-4b">
         <name>.debug_frame</name>
         <load_address>0x9ac</load_address>
         <run_address>0x9ac</run_address>
         <size>0x47</size>
         <input_file_ref idref="fl-36"/>
      </object_component>
      <object_component id="oc-fd">
         <name>.debug_frame</name>
         <load_address>0x9f3</load_address>
         <run_address>0x9f3</run_address>
         <size>0x47</size>
         <input_file_ref idref="fl-39"/>
      </object_component>
      <object_component id="oc-95">
         <name>.debug_frame</name>
         <load_address>0xa3a</load_address>
         <run_address>0xa3a</run_address>
         <size>0x47</size>
         <input_file_ref idref="fl-44"/>
      </object_component>
      <object_component id="oc-d9">
         <name>.debug_frame</name>
         <load_address>0xa81</load_address>
         <run_address>0xa81</run_address>
         <size>0x47</size>
         <input_file_ref idref="fl-48"/>
      </object_component>
      <object_component id="oc-df">
         <name>.debug_frame</name>
         <load_address>0xac8</load_address>
         <run_address>0xac8</run_address>
         <size>0x51</size>
         <input_file_ref idref="fl-4b"/>
      </object_component>
      <object_component id="oc-1f6">
         <name>.debug_abbrev</name>
         <load_address>0x0</load_address>
         <run_address>0x0</run_address>
         <size>0xf0</size>
         <input_file_ref idref="fl-2"/>
      </object_component>
      <object_component id="oc-1f4">
         <name>.debug_abbrev</name>
         <load_address>0xf0</load_address>
         <run_address>0xf0</run_address>
         <size>0x29</size>
         <input_file_ref idref="fl-2"/>
      </object_component>
      <object_component id="oc-237">
         <name>.debug_abbrev</name>
         <load_address>0x119</load_address>
         <run_address>0x119</run_address>
         <size>0x27</size>
         <input_file_ref idref="fl-2"/>
      </object_component>
      <object_component id="oc-252">
         <name>.debug_abbrev</name>
         <load_address>0x140</load_address>
         <run_address>0x140</run_address>
         <size>0x27</size>
         <input_file_ref idref="fl-2"/>
      </object_component>
      <object_component id="oc-254">
         <name>.debug_abbrev</name>
         <load_address>0x167</load_address>
         <run_address>0x167</run_address>
         <size>0x27</size>
         <input_file_ref idref="fl-2"/>
      </object_component>
      <object_component id="oc-245">
         <name>.debug_abbrev</name>
         <load_address>0x18e</load_address>
         <run_address>0x18e</run_address>
         <size>0x29</size>
         <input_file_ref idref="fl-2"/>
      </object_component>
      <object_component id="oc-241">
         <name>.debug_abbrev</name>
         <load_address>0x1b7</load_address>
         <run_address>0x1b7</run_address>
         <size>0x29</size>
         <input_file_ref idref="fl-2"/>
      </object_component>
      <object_component id="oc-235">
         <name>.debug_abbrev</name>
         <load_address>0x1e0</load_address>
         <run_address>0x1e0</run_address>
         <size>0x29</size>
         <input_file_ref idref="fl-2"/>
      </object_component>
      <object_component id="oc-23f">
         <name>.debug_abbrev</name>
         <load_address>0x209</load_address>
         <run_address>0x209</run_address>
         <size>0x29</size>
         <input_file_ref idref="fl-2"/>
      </object_component>
      <object_component id="oc-239">
         <name>.debug_abbrev</name>
         <load_address>0x232</load_address>
         <run_address>0x232</run_address>
         <size>0x6c</size>
         <input_file_ref idref="fl-2"/>
      </object_component>
      <object_component id="oc-23b">
         <name>.debug_abbrev</name>
         <load_address>0x29e</load_address>
         <run_address>0x29e</run_address>
         <size>0x7a</size>
         <input_file_ref idref="fl-2"/>
      </object_component>
      <object_component id="oc-248">
         <name>.debug_abbrev</name>
         <load_address>0x318</load_address>
         <run_address>0x318</run_address>
         <size>0x5e</size>
         <input_file_ref idref="fl-2"/>
      </object_component>
      <object_component id="oc-234">
         <name>.debug_abbrev</name>
         <load_address>0x376</load_address>
         <run_address>0x376</run_address>
         <size>0x88</size>
         <input_file_ref idref="fl-2"/>
      </object_component>
      <object_component id="oc-24b">
         <name>.debug_abbrev</name>
         <load_address>0x3fe</load_address>
         <run_address>0x3fe</run_address>
         <size>0x7a</size>
         <input_file_ref idref="fl-2"/>
      </object_component>
      <object_component id="oc-244">
         <name>.debug_abbrev</name>
         <load_address>0x478</load_address>
         <run_address>0x478</run_address>
         <size>0x7a</size>
         <input_file_ref idref="fl-2"/>
      </object_component>
      <object_component id="oc-218">
         <name>.debug_abbrev</name>
         <load_address>0x4f2</load_address>
         <run_address>0x4f2</run_address>
         <size>0x50</size>
         <input_file_ref idref="fl-2"/>
      </object_component>
      <object_component id="oc-219">
         <name>.debug_abbrev</name>
         <load_address>0x542</load_address>
         <run_address>0x542</run_address>
         <size>0x50</size>
         <input_file_ref idref="fl-2"/>
      </object_component>
      <object_component id="oc-21a">
         <name>.debug_abbrev</name>
         <load_address>0x592</load_address>
         <run_address>0x592</run_address>
         <size>0x50</size>
         <input_file_ref idref="fl-2"/>
      </object_component>
      <object_component id="oc-21b">
         <name>.debug_abbrev</name>
         <load_address>0x5e2</load_address>
         <run_address>0x5e2</run_address>
         <size>0x50</size>
         <input_file_ref idref="fl-2"/>
      </object_component>
      <object_component id="oc-21c">
         <name>.debug_abbrev</name>
         <load_address>0x632</load_address>
         <run_address>0x632</run_address>
         <size>0x50</size>
         <input_file_ref idref="fl-2"/>
      </object_component>
      <object_component id="oc-251">
         <name>.debug_abbrev</name>
         <load_address>0x682</load_address>
         <run_address>0x682</run_address>
         <size>0x6e</size>
         <input_file_ref idref="fl-2"/>
      </object_component>
      <object_component id="oc-225">
         <name>.debug_abbrev</name>
         <load_address>0x6f0</load_address>
         <run_address>0x6f0</run_address>
         <size>0x6c</size>
         <input_file_ref idref="fl-2"/>
      </object_component>
      <object_component id="oc-228">
         <name>.debug_abbrev</name>
         <load_address>0x75c</load_address>
         <run_address>0x75c</run_address>
         <size>0x5e</size>
         <input_file_ref idref="fl-2"/>
      </object_component>
      <object_component id="oc-229">
         <name>.debug_abbrev</name>
         <load_address>0x7ba</load_address>
         <run_address>0x7ba</run_address>
         <size>0x50</size>
         <input_file_ref idref="fl-2"/>
      </object_component>
      <object_component id="oc-22a">
         <name>.debug_abbrev</name>
         <load_address>0x80a</load_address>
         <run_address>0x80a</run_address>
         <size>0x50</size>
         <input_file_ref idref="fl-2"/>
      </object_component>
      <object_component id="oc-22b">
         <name>.debug_abbrev</name>
         <load_address>0x85a</load_address>
         <run_address>0x85a</run_address>
         <size>0x50</size>
         <input_file_ref idref="fl-2"/>
      </object_component>
      <object_component id="oc-22c">
         <name>.debug_abbrev</name>
         <load_address>0x8aa</load_address>
         <run_address>0x8aa</run_address>
         <size>0x50</size>
         <input_file_ref idref="fl-2"/>
      </object_component>
      <object_component id="oc-22d">
         <name>.debug_abbrev</name>
         <load_address>0x8fa</load_address>
         <run_address>0x8fa</run_address>
         <size>0x50</size>
         <input_file_ref idref="fl-2"/>
      </object_component>
      <object_component id="oc-249">
         <name>.debug_abbrev</name>
         <load_address>0x94a</load_address>
         <run_address>0x94a</run_address>
         <size>0x5e</size>
         <input_file_ref idref="fl-2"/>
      </object_component>
      <object_component id="oc-24a">
         <name>.debug_abbrev</name>
         <load_address>0x9a8</load_address>
         <run_address>0x9a8</run_address>
         <size>0x5e</size>
         <input_file_ref idref="fl-2"/>
      </object_component>
      <object_component id="oc-1ef">
         <name>.debug_abbrev</name>
         <load_address>0xa06</load_address>
         <run_address>0xa06</run_address>
         <size>0x60</size>
         <input_file_ref idref="fl-2"/>
      </object_component>
      <object_component id="oc-12e">
         <name>.debug_abbrev</name>
         <load_address>0xa66</load_address>
         <run_address>0xa66</run_address>
         <size>0x53</size>
         <input_file_ref idref="fl-2"/>
      </object_component>
[...]
      </symbol>
      <symbol id="sm-30d">
         <name>REQUEST_MODE_TIMER_DISABLE</name>
         <value>0xdf5e</value>
         <object_component_ref idref="oc-186"/>
      </symbol>
      <symbol id="sm-30e">
         <name>timer_count_1</name>
         <value>0x214</value>
         <object_component_ref idref="oc-126"/>
      </symbol>
      <symbol id="sm-30f">
         <name>Port_1</name>
         <value>0xdab6</value>
         <object_component_ref idref="oc-af"/>
      </symbol>
      <symbol id="sm-310">
         <name>flash_read</name>
         <value>0xdf7a</value>
         <object_component_ref idref="oc-21d"/>
      </symbol>
      <symbol id="sm-311">
         <name>time_out_flag</name>
         <value>0x228</value>
         <object_component_ref idref="oc-126"/>
      </symbol>
      <symbol id="sm-312">
         <name>percentage_val</name>
         <value>0x23e</value>
         <object_component_ref idref="oc-126"/>
      </symbol>
      <symbol id="sm-313">
         <name>flash_write</name>
         <value>0xd708</value>
         <object_component_ref idref="oc-1e2"/>
      </symbol>
      <symbol id="sm-314">
         <name>j</name>
         <value>0x202</value>
         <object_component_ref idref="oc-126"/>
      </symbol>
      <symbol id="sm-315">
         <name>i</name>
         <value>0x200</value>
         <object_component_ref idref="oc-126"/>
      </symbol>
      <symbol id="sm-316">
         <name>PORT_OUT_INIT</name>
         <value>0xde5c</value>
         <object_component_ref idref="oc-162"/>
      </symbol>
      <symbol id="sm-317">
         <name>SYS_INIT</name>
         <value>0xcd7a</value>
         <object_component_ref idref="oc-168"/>
      </symbol>
      <symbol id="sm-318">
         <name>isOff</name>
         <value>0x241</value>
         <object_component_ref idref="oc-126"/>
      </symbol>
      <symbol id="sm-319">
         <name>no_of_groups</name>
         <value>0x217</value>
         <object_component_ref idref="oc-126"/>
      </symbol>
      <symbol id="sm-31a">
         <name>sensor_there</name>
         <value>0x236</value>
         <object_component_ref idref="oc-126"/>
      </symbol>
      <symbol id="sm-31b">
         <name>print_val1</name>
         <value>0xd286</value>
         <object_component_ref idref="oc-1a4"/>
      </symbol>
      <symbol id="sm-31c">
         <name>command_index_match</name>
         <value>0x244</value>
         <object_component_ref idref="oc-126"/>
      </symbol>
      <symbol id="sm-31d">
         <name>junk</name>
         <value>0x246</value>
         <object_component_ref idref="oc-126"/>
      </symbol>
      <symbol id="sm-31e">
         <name>received_char</name>
         <value>0x20e</value>
         <object_component_ref idref="oc-126"/>
      </symbol>
      <symbol id="sm-31f">
         <name>msb</name>
         <value>0x205</value>
         <object_component_ref idref="oc-126"/>
      </symbol>
      <symbol id="sm-320">
         <name>delay_value</name>
         <value>0x232</value>
         <object_component_ref idref="oc-126"/>
      </symbol>
      <symbol id="sm-321">
         <name>scene_five</name>
         <value>0x221</value>
         <object_component_ref idref="oc-126"/>
      </symbol>
      <symbol id="sm-322">
         <name>scene_number</name>
         <value>0x21a</value>
         <object_component_ref idref="oc-126"/>
      </symbol>
      <symbol id="sm-323">
         <name>main</name>
         <value>0xc000</value>
         <object_component_ref idref="oc-f4"/>
      </symbol>
      <symbol id="sm-324">
         <name>UART_INIT</name>
         <value>0xddc6</value>
         <object_component_ref idref="oc-150"/>
      </symbol>
      <symbol id="sm-325">
         <name>scene_two</name>
         <value>0x21e</value>
         <object_component_ref idref="oc-126"/>
      </symbol>
      <symbol id="sm-326">
         <name>go_to_scene</name>
         <value>0x21b</value>
         <object_component_ref idref="oc-126"/>
      </symbol>
      <symbol id="sm-327">
         <name>power_on_value</name>
         <value>0x240</value>
         <object_component_ref idref="oc-126"/>
      </symbol>
      <symbol id="sm-328">
         <name>char_change_flag</name>
         <value>0x243</value>
         <object_component_ref idref="oc-126"/>
      </symbol>
      <symbol id="sm-329">
         <name>current_duty</name>
         <value>0x238</value>
         <object_component_ref idref="oc-126"/>
      </symbol>
      <symbol id="sm-32a">
         <name>time_out</name>
         <value>0x22e</value>
         <object_component_ref idref="oc-126"/>
      </symbol>
      <symbol id="sm-32b">
         <name>get_scene_number</name>
         <value>0x21c</value>
         <object_component_ref idref="oc-126"/>
      </symbol>
      <symbol id="sm-32c">
         <name>print_address</name>
         <value>0xd432</value>
         <object_component_ref idref="oc-1c7"/>
      </symbol>
      <symbol id="sm-32d">
         <name>input_val</name>
         <value>0x207</value>
         <object_component_ref idref="oc-126"/>
      </symbol>
      <symbol id="sm-32e">
         <name>REQUEST_MODE_TIMER_INIT</name>
         <value>0xdf02</value>
         <object_component_ref idref="oc-17a"/>
      </symbol>
      <symbol id="sm-32f">
         <name>timer_int_count</name>
         <value>0x224</value>
         <object_component_ref idref="oc-126"/>
      </symbol>
      <symbol id="sm-330">
         <name>TIMER_INIT</name>
         <value>0xde3e</value>
         <object_component_ref idref="oc-15c"/>
      </symbol>
      <symbol id="sm-331">
         <name>pirOff</name>
         <value>0x242</value>
         <object_component_ref idref="oc-126"/>
      </symbol>
      <symbol id="sm-332">
         <name>iteration1</name>
         <value>0x20b</value>
         <object_component_ref idref="oc-126"/>
      </symbol>
      <symbol id="sm-333">
         <name>CLOCK_INIT</name>
         <value>0xde78</value>
         <object_component_ref idref="oc-14a"/>
      </symbol>
      <symbol id="sm-334">
         <name>present_count</name>
         <value>0x212</value>
         <object_component_ref idref="oc-126"/>
      </symbol>
      <symbol id="sm-335">
         <name>lsb</name>
         <value>0x206</value>
         <object_component_ref idref="oc-126"/>
      </symbol>
      <symbol id="sm-336">
         <name>TIMER_DISABLE</name>
         <value>0xdf48</value>
         <object_component_ref idref="oc-180"/>
      </symbol>
      <symbol id="sm-337">
         <name>group_array_index</name>
         <value>0x219</value>
         <object_component_ref idref="oc-126"/>
      </symbol>
      <symbol id="sm-338">
         <name>temp_delay</name>
         <value>0x256</value>
         <object_component_ref idref="oc-1ba"/>
      </symbol>
      <symbol id="sm-339">
         <name>Timer_A</name>
         <value>0xdd32</value>
         <object_component_ref idref="oc-bb"/>
      </symbol>
      <symbol id="sm-33a">
         <name>set_duty_cycle</name>
         <value>0xd910</value>
         <object_component_ref idref="oc-19e"/>
      </symbol>
      <symbol id="sm-33b">
         <name>FLASH_INIT</name>
         <value>0xdf56</value>
         <object_component_ref idref="oc-156"/>
      </symbol>
      <symbol id="sm-33c">
         <name>PIR_INIT</name>
         <value>0xdec6</value>
         <object_component_ref idref="oc-18c"/>
      </symbol>
      <symbol id="sm-33d">
         <name>sensing_freq</name>
         <value>0x210</value>
         <object_component_ref idref="oc-126"/>
      </symbol>
      <symbol id="sm-33e">
         <name>scene_three</name>
         <value>0x21f</value>
         <object_component_ref idref="oc-126"/>
      </symbol>
      <symbol id="sm-33f">
         <name>target_duty</name>
         <value>0x23a</value>
         <object_component_ref idref="oc-126"/>
      </symbol>
      <symbol id="sm-340">
         <name>pir_count</name>
         <value>0x20d</value>
         <object_component_ref idref="oc-126"/>
      </symbol>
      <symbol id="sm-341">
         <name>group_match</name>
         <value>0x218</value>
         <object_component_ref idref="oc-126"/>
      </symbol>
      <symbol id="sm-342">
         <name>Timer_A1</name>
         <value>0xdd6c</value>
         <object_component_ref idref="oc-c1"/>
      </symbol>
      <symbol id="sm-343">
         <name>Timer_A2</name>
         <value>0xdcb4</value>
         <object_component_ref idref="oc-c7"/>
      </symbol>
      <symbol id="sm-344">
         <name>group_array</name>
         <value>0x248</value>
         <object_component_ref idref="oc-198"/>
      </symbol>
      <symbol id="sm-345">
         <name>request_mode_flag</name>
         <value>0x20f</value>
         <object_component_ref idref="oc-126"/>
      </symbol>
      <symbol id="sm-34d">
         <name>__mspabi_sral_15</name>
         <value>0xdcf4</value>
         <object_component_ref idref="oc-1b5"/>
      </symbol>
      <symbol id="sm-34e">
         <name>__mspabi_sral_14</name>
         <value>0xdcf8</value>
         <object_component_ref idref="oc-1b5"/>
      </symbol>
      <symbol id="sm-34f">
         <name>__mspabi_sral_13</name>
         <value>0xdcfc</value>
         <object_component_ref idref="oc-1b5"/>
      </symbol>
      <symbol id="sm-350">
         <name>__mspabi_sral_12</name>
         <value>0xdd00</value>
         <object_component_ref idref="oc-1b5"/>
      </symbol>
      <symbol id="sm-351">
         <name>__mspabi_sral_11</name>
         <value>0xdd04</value>
         <object_component_ref idref="oc-1b5"/>
      </symbol>
      <symbol id="sm-352">
         <name>__mspabi_sral_10</name>
         <value>0xdd08</value>
         <object_component_ref idref="oc-1b5"/>
      </symbol>
      <symbol id="sm-353">
         <name>__mspabi_sral_8</name>
         <value>0xdd10</value>
         <object_component_ref idref="oc-1b5"/>
      </symbol>
      <symbol id="sm-354">
         <name>__mspabi_sral_9</name>
         <value>0xdd0c</value>
         <object_component_ref idref="oc-1b5"/>
      </symbol>
      <symbol id="sm-355">
         <name>__mspabi_sral_6</name>
         <value>0xdd18</value>
         <object_component_ref idref="oc-1b5"/>
      </symbol>
      <symbol id="sm-356">
         <name>__mspabi_sral_7</name>
         <value>0xdd14</value>
         <object_component_ref idref="oc-1b5"/>
      </symbol>
      <symbol id="sm-357">
         <name>__mspabi_sral_4</name>
         <value>0xdd20</value>
         <object_component_ref idref="oc-1b5"/>
      </symbol>
      <symbol id="sm-358">
         <name>__mspabi_sral_5</name>
         <value>0xdd1c</value>
         <object_component_ref idref="oc-1b5"/>
      </symbol>
      <symbol id="sm-359">
         <name>__mspabi_sral_2</name>
         <value>0xdd28</value>
         <object_component_ref idref="oc-1b5"/>
      </symbol>
      <symbol id="sm-35a">
         <name>__mspabi_sral_3</name>
         <value>0xdd24</value>
         <object_component_ref idref="oc-1b5"/>
      </symbol>
      <symbol id="sm-35b">
         <name>__mspabi_sral_1</name>
         <value>0xdd2c</value>
         <object_component_ref idref="oc-1b5"/>
      </symbol>
      <symbol id="sm-364">
         <name>_stack</name>
         <value>0x3b0</value>
         <object_component_ref idref="oc-8c"/>
      </symbol>
      <symbol id="sm-365">
         <name>_reset_vector</name>
         <value>0xfffe</value>
         <object_component_ref idref="oc-8f"/>
      </symbol>
      <symbol id="sm-370">
         <name>_c_int00_noargs_noexit</name>
         <value>0xdeac</value>
         <object_component_ref idref="oc-68"/>
      </symbol>
      <symbol id="sm-386">
         <name>__TI_decompress_none</name>
         <value>0xdf14</value>
         <object_component_ref idref="oc-31"/>
      </symbol>
      <symbol id="sm-3a8">
         <name>__TI_decompress_rle24</name>
         <value>0xdf6c</value>
         <object_component_ref idref="oc-37"/>
      </symbol>
      <symbol id="sm-3c0">
         <name>__TI_zero_init</name>
         <value>0xdeda</value>
         <object_component_ref idref="oc-4a"/>
      </symbol>
      <symbol id="sm-3cf">
         <name>__mspabi_remul</name>
         <value>0xdc5c</value>
         <object_component_ref idref="oc-1d1"/>
      </symbol>
      <symbol id="sm-3d0">
         <name>__mspabi_divul</name>
         <value>0xdc5c</value>
         <object_component_ref idref="oc-1d1"/>
      </symbol>
      <symbol id="sm-3d9">
         <name>__mspabi_func_epilog_2</name>
         <value>0xdf42</value>
         <object_component_ref idref="oc-11d"/>
      </symbol>
      <symbol id="sm-3da">
         <name>__mspabi_func_epilog_3</name>
         <value>0xdf40</value>
         <object_component_ref idref="oc-11d"/>
      </symbol>
      <symbol id="sm-3db">
         <name>__mspabi_func_epilog_1</name>
         <value>0xdf44</value>
         <object_component_ref idref="oc-11d"/>
      </symbol>
      <symbol id="sm-3dc">
         <name>__mspabi_func_epilog_6</name>
         <value>0xdf3a</value>
         <object_component_ref idref="oc-11d"/>
      </symbol>
      <symbol id="sm-3dd">
         <name>__mspabi_func_epilog_7</name>
         <value>0xdf38</value>
         <object_component_ref idref="oc-11d"/>
      </symbol>
      <symbol id="sm-3de">
         <name>__mspabi_func_epilog_4</name>
         <value>0xdf3e</value>
         <object_component_ref idref="oc-11d"/>
      </symbol>
      <symbol id="sm-3df">
         <name>__mspabi_func_epilog_5</name>
         <value>0xdf3c</value>
         <object_component_ref idref="oc-11d"/>
      </symbol>
      <symbol id="sm-3ea">
         <name>C$$EXIT</name>
         <value>0xdf76</value>
         <object_component_ref idref="oc-fc"/>
      </symbol>
      <symbol id="sm-3eb">
         <name>abort</name>
         <value>0xdf76</value>
         <object_component_ref idref="oc-fc"/>
      </symbol>
      <symbol id="sm-3ee">
         <name>__TI_int00</name>
         <value>0xffe0</value>
         <object_component_ref idref="oc-3d"/>
      </symbol>
      <symbol id="sm-3f1">
         <name>__TI_int03</name>
         <value>0xffe6</value>
         <object_component_ref idref="oc-3f"/>
      </symbol>
      <symbol id="sm-3f4">
         <name>__TI_int05</name>
         <value>0xffea</value>
         <object_component_ref idref="oc-40"/>
      </symbol>
      <symbol id="sm-3f7">
         <name>__TI_int06</name>
         <value>0xffec</value>
         <object_component_ref idref="oc-41"/>
      </symbol>
      <symbol id="sm-3fa">
         <name>__TI_int08</name>
         <value>0xfff0</value>
         <object_component_ref idref="oc-43"/>
      </symbol>
      <symbol id="sm-3fd">
         <name>__TI_int10</name>
         <value>0xfff4</value>
         <object_component_ref idref="oc-45"/>
      </symbol>
      <symbol id="sm-400">
         <name>__TI_int11</name>
         <value>0xfff6</value>
         <object_component_ref idref="oc-46"/>
      </symbol>
      <symbol id="sm-403">
         <name>__TI_int14</name>
         <value>0xfffc</value>
         <object_component_ref idref="oc-49"/>
      </symbol>
      <symbol id="sm-40b">
         <name>__TI_ISR_TRAP</name>
         <value>0xdf66</value>
         <object_component_ref idref="oc-aa"/>
      </symbol>
      <symbol id="sm-413">
         <name>__mspabi_slli</name>
         <value>0xdd9a</value>
         <object_component_ref idref="oc-1c1"/>
      </symbol>
      <symbol id="sm-414">
         <name>__mspabi_slli_9</name>
         <value>0xddb2</value>
         <object_component_ref idref="oc-1c1"/>
      </symbol>
      <symbol id="sm-415">
         <name>__mspabi_slli_8</name>
         <value>0xddb4</value>
         <object_component_ref idref="oc-1c1"/>
      </symbol>
      <symbol id="sm-416">
         <name>__mspabi_slli_7</name>
         <value>0xddb6</value>
         <object_component_ref idref="oc-1c1"/>
      </symbol>
      <symbol id="sm-417">
         <name>__mspabi_slli_6</name>
         <value>0xddb8</value>
         <object_component_ref idref="oc-1c1"/>
      </symbol>
      <symbol id="sm-418">
         <name>__mspabi_slli_5</name>
         <value>0xddba</value>
         <object_component_ref idref="oc-1c1"/>
      </symbol>
      <symbol id="sm-419">
         <name>__mspabi_slli_4</name>
         <value>0xddbc</value>
         <object_component_ref idref="oc-1c1"/>
      </symbol>
      <symbol id="sm-41a">
         <name>__mspabi_slli_3</name>
         <value>0xddbe</value>
         <object_component_ref idref="oc-1c1"/>
      </symbol>
      <symbol id="sm-41b">
         <name>__mspabi_slli_2</name>
         <value>0xddc0</value>
         <object_component_ref idref="oc-1c1"/>
      </symbol>
      <symbol id="sm-41c">
         <name>__mspabi_slli_1</name>
         <value>0xddc2</value>
         <object_component_ref idref="oc-1c1"/>
      </symbol>
      <symbol id="sm-41d">
         <name>__mspabi_slli_15</name>
         <value>0xdda6</value>
         <object_component_ref idref="oc-1c1"/>
      </symbol>
      <symbol id="sm-41e">
         <name>__mspabi_slli_14</name>
         <value>0xdda8</value>
         <object_component_ref idref="oc-1c1"/>
      </symbol>
      <symbol id="sm-41f">
         <name>__mspabi_slli_13</name>
         <value>0xddaa</value>
         <object_component_ref idref="oc-1c1"/>
      </symbol>
      <symbol id="sm-420">
         <name>__mspabi_slli_12</name>
         <value>0xddac</value>
         <object_component_ref idref="oc-1c1"/>
      </symbol>
      <symbol id="sm-421">
         <name>__mspabi_slli_11</name>
         <value>0xddae</value>
         <object_component_ref idref="oc-1c1"/>
      </symbol>
      <symbol id="sm-422">
         <name>__mspabi_slli_10</name>
         <value>0xddb0</value>
         <object_component_ref idref="oc-1c1"/>
      </symbol>
      <symbol id="sm-430">
         <name>memcpy</name>
         <value>0xdf26</value>
         <object_component_ref idref="oc-90"/>
      </symbol>
      <symbol id="sm-43b">
         <name>__mspabi_mpyi_sw</name>
         <value>0xdeee</value>
         <object_component_ref idref="oc-1aa"/>
      </symbol>
      <symbol id="sm-43c">
         <name>__mspabi_mpyi</name>
         <value>0xdeee</value>
         <object_component_ref idref="oc-1aa"/>
      </symbol>
      <symbol id="sm-446">
         <name>__mspabi_mpyl_sw</name>
         <value>0xde18</value>
         <object_component_ref idref="oc-1b0"/>
      </symbol>
      <symbol id="sm-447">
         <name>__mspabi_mpyl</name>
         <value>0xde18</value>
         <object_component_ref idref="oc-1b0"/>
      </symbol>
      <symbol id="sm-450">
         <name>_system_pre_init</name>
         <value>0xdf72</value>
         <object_component_ref idref="oc-d4"/>
      </symbol>
      <symbol id="sm-46a">
         <name>_auto_init</name>
         <value>0xdc04</value>
         <object_component_ref idref="oc-da"/>
      </symbol>
      <symbol id="sm-46c">
         <name>__TI_INITARRAY_Base</name>
         <value>0x0</value>
      </symbol>
      <symbol id="sm-46d">
         <name>__TI_INITARRAY_Limit</name>
         <value>0x0</value>
      </symbol>
   </symbol_table>
   <title>Link successful</title>
</link_info>
