******************************************************************************
                  MSP430 Linker PC v4.4.3                      
******************************************************************************
>> Linked Thu Aug 30 22:05:06 2018

OUTPUT FILE NAME:   <wlad_lis_ver1.3.out>
ENTRY POINT SYMBOL: "_c_int00_noargs_noexit"  address: 0000deac


MEMORY CONFIGURATION

         name            origin    length      used     unused   attr    fill
----------------------  --------  ---------  --------  --------  ----  --------
  SFR                   00000000   00000010  00000000  00000010  RWIX
  PERIPHERALS_8BIT      00000010   000000f0  00000000  000000f0  RWIX
  PERIPHERALS_16BIT     00000100   00000100  00000000  00000100  RWIX
  RAM                   00000200   00000200  000000dd  00000123  RWIX
  INFOD                 00001000   00000040  00000000  00000040  RWIX
  INFOC                 00001040   00000040  00000000  00000040  RWIX
  INFOB                 00001080   00000040  00000000  00000040  RWIX
  INFOA                 000010c0   00000040  00000000  00000040  RWIX
  FLASH                 0000c000   00003fe0  00002108  00001ed8  RWIX
  INT00                 0000ffe0   00000002  00000002  00000000  RWIX
  INT01                 0000ffe2   00000002  00000000  00000002  RWIX
  INT02                 0000ffe4   00000002  00000002  00000000  RWIX
  INT03                 0000ffe6   00000002  00000002  00000000  RWIX
  INT04                 0000ffe8   00000002  00000000  00000002  RWIX
  INT05                 0000ffea   00000002  00000002  00000000  RWIX
  INT06                 0000ffec   00000002  00000002  00000000  RWIX
  INT07                 0000ffee   00000002  00000002  00000000  RWIX
  INT08                 0000fff0   00000002  00000002  00000000  RWIX
  INT09                 0000fff2   00000002  00000002  00000000  RWIX
  INT10                 0000fff4   00000002  00000002  00000000  RWIX
  INT11                 0000fff6   00000002  00000002  00000000  RWIX
  INT12                 0000fff8   00000002  00000002  00000000  RWIX
  INT13                 0000fffa   00000002  00000002  00000000  RWIX
  INT14                 0000fffc   00000002  00000002  00000000  RWIX
  RESET                 0000fffe   00000002  00000002  00000000  RWIX


SECTION ALLOCATION MAP

 output                                  attributes/
section   page    origin      length       input sections
--------  ----  ----------  ----------   ----------------
.data      0    00000200    00000058     UNINITIALIZED
                  00000200    00000047     main.obj (.data)
                  00000247    00000001     --HOLE--
                  00000248    00000005     main.obj (.data:group_array)
                  0000024d    00000001     --HOLE--
                  0000024e    00000004     main.obj (.data:HOST_address)
                  00000252    00000004     main.obj (.data:POLLING_HOST_address)
                  00000256    00000002     main.obj (.data:temp_delay)

.bss       0    00000258    00000035     UNINITIALIZED
                  00000258    00000008     (.common:HOST_address_ASCII)
                  00000260    00000008     (.common:POLLING_HOST_address_ASCII)
                  00000268    00000008     (.common:received_val)
                  00000270    00000004     (.common:BLE_address)
                  00000274    00000004     (.common:BLE_address_encrypted)
                  00000278    00000004     (.common:HOST_address_encrypted)
                  0000027c    00000004     (.common:POLLING_HOST_address_encrypted)
                  00000280    00000004     (.common:sensing_freq_val)
                  00000284    00000002     (.common:case_value)
                  00000286    00000002     (.common:checksum)
                  00000288    00000002     (.common:percent_normalize)
                  0000028a    00000001     (.common:ping_flag)
                  0000028b    00000001     (.common:store_group_value)
                  0000028c    00000001     (.common:timer_flag)

.TI.persistent 
*          0    00000200    00000000     UNINITIALIZED

.stack     0    000003b0    00000050     UNINITIALIZED
                  000003b0    00000002     rts430_eabi.lib : boot.obj (.stack)
                  000003b2    0000004e     --HOLE--

.text      0    0000c000    00001f7e     
                  0000c000    00000d7a     main.obj (.text:main)
                  0000cd7a    000002ee     main.obj (.text:SYS_INIT)
                  0000d068    0000021e     main.obj (.text:print_setting)
                  0000d286    000001ac     main.obj (.text:print_val1)
                  0000d432    0000017c     main.obj (.text:print_address)
                  0000d5ae    0000015a     main.obj (.text:print_char)
                  0000d708    00000128     main.obj (.text:flash_write)
                  0000d830    000000e0     main.obj (.text:print_command)
                  0000d910    000000dc     main.obj (.text:set_duty_cycle)
                  0000d9ec    000000ca     main.obj (.text:get_ble_address)
                  0000dab6    00000076     main.obj (.text:Port_1)
                  0000db2c    00000074     main.obj (.text:USCI0RX_ISR)
                  0000dba0    00000064     rts430_eabi.lib : copy_decompress_rle.obj (.text:__TI_decompress_rle_core)
                  0000dc04    00000058                     : autoinit.obj (.text:_auto_init)
                  0000dc5c    00000058                     : div32u.obj (.text)
                  0000dcb4    00000040     main.obj (.text:Timer_A2)
                  0000dcf4    0000003e     rts430_eabi.lib : asr32.obj (.text:l_asr_const)
                  0000dd32    0000003a     main.obj (.text:Timer_A)
                  0000dd6c    0000002e     main.obj (.text:Timer_A1)
                  0000dd9a    0000002c     rts430_eabi.lib : lsl16.obj (.text)
                  0000ddc6    0000002a     main.obj (.text:UART_INIT)
                  0000ddf0    00000028     main.obj (.text:flash_erase)
                  0000de18    00000026     rts430_eabi.lib : mult32.obj (.text)
                  0000de3e    0000001e     main.obj (.text:TIMER_INIT)
                  0000de5c    0000001c     main.obj (.text:PORT_OUT_INIT)
                  0000de78    0000001a     main.obj (.text:CLOCK_INIT)
                  0000de92    0000001a     main.obj (.text:PORT_INIT)
                  0000deac    0000001a     rts430_eabi.lib : boot_special.obj (.text:_c_int00_noargs_noexit)
                  0000dec6    00000014     main.obj (.text:PIR_INIT)
                  0000deda    00000014     rts430_eabi.lib : copy_zero_init.obj (.text:decompress:ZI:__TI_zero_init)
                  0000deee    00000014                     : mult16.obj (.text)
                  0000df02    00000012     main.obj (.text:REQUEST_MODE_TIMER_INIT)
                  0000df14    00000012     rts430_eabi.lib : copy_decompress_none.obj (.text:decompress:none:__TI_decompress_none)
                  0000df26    00000012                     : memcpy.obj (.text:memcpy)
                  0000df38    00000010                     : epilog.obj (.text)
                  0000df48    0000000e     main.obj (.text:TIMER_DISABLE)
                  0000df56    00000008     main.obj (.text:FLASH_INIT)
                  0000df5e    00000008     main.obj (.text:REQUEST_MODE_TIMER_DISABLE)
                  0000df66    00000006     rts430_eabi.lib : isr_trap.obj (.text:_isr:__TI_ISR_TRAP)
                  0000df6c    00000006                     : copy_decompress_rle.obj (.text:decompress:rle24:__TI_decompress_rle24)
                  0000df72    00000004                     : pre_init.obj (.text:_system_pre_init)
                  0000df76    00000004                     : exit.obj (.text:abort)
                  0000df7a    00000004     main.obj (.text:flash_read)

.const     0    0000df7e    00000138     
                  0000df7e    00000130     main.obj (.const:msg_arr)
                  0000e0ae    00000005     main.obj (.const:.string:LIS_command)
                  0000e0b3    00000001     --HOLE-- [fill = 0]
                  0000e0b4    00000002     main.obj (.const:.string:send_msg)

.cinit     0    0000e0b6    00000052     
                  0000e0b6    00000040     (.cinit..data.load) [load image, compression = rle]
                  0000e0f6    00000006     (__TI_handler_table)
                  0000e0fc    00000004     (.cinit..bss.load) [load image, compression = zero_init]
                  0000e100    00000008     (__TI_cinit_table)

.init_array 
*          0    0000c000    00000000     UNINITIALIZED

TRAPINT    0    0000ffe0    00000002     
                  0000ffe0    00000002     rts430_eabi.lib : int00.obj (.int00)

PORT1      0    0000ffe4    00000002     
                  0000ffe4    00000002     main.obj (.int02)

PORT2      0    0000ffe6    00000002     
                  0000ffe6    00000002     rts430_eabi.lib : int03.obj (.int03)

ADC10      0    0000ffea    00000002     
                  0000ffea    00000002     rts430_eabi.lib : int05.obj (.int05)

USCIAB0TX 
*          0    0000ffec    00000002     
                  0000ffec    00000002     rts430_eabi.lib : int06.obj (.int06)

USCIAB0RX 
*          0    0000ffee    00000002     
                  0000ffee    00000002     main.obj (.int07)

TIMER0_A1 
*          0    0000fff0    00000002     
                  0000fff0    00000002     rts430_eabi.lib : int08.obj (.int08)

TIMER0_A0 
*          0    0000fff2    00000002     
                  0000fff2    00000002     main.obj (.int09)

WDT        0    0000fff4    00000002     
                  0000fff4    00000002     rts430_eabi.lib : int10.obj (.int10)

COMPARATORA 
*          0    0000fff6    00000002     
                  0000fff6    00000002     rts430_eabi.lib : int11.obj (.int11)

TIMER1_A1 
*          0    0000fff8    00000002     
                  0000fff8    00000002     main.obj (.int12)

TIMER1_A0 
*          0    0000fffa    00000002     
                  0000fffa    00000002     main.obj (.int13)

NMI        0    0000fffc    00000002     
                  0000fffc    00000002     rts430_eabi.lib : int14.obj (.int14)

.reset     0    0000fffe    00000002     
                  0000fffe    00000002     rts430_eabi.lib : boot.obj (.reset)


LINKER GENERATED COPY TABLES

__TI_cinit_table @ 0000e100 records: 2, size/record: 4, table size: 8
	.data: load addr=0000e0b6, load size=00000040 bytes, run addr=00000200, run size=00000058 bytes, compression=rle
	.bss: load addr=0000e0fc, load size=00000004 bytes, run addr=00000258, run size=00000035 bytes, compression=zero_init


LINKER GENERATED HANDLER TABLE

__TI_handler_table @ 0000e0f6 records: 3, size/record: 2, table size: 6
	index: 0, handler: __TI_zero_init
	index: 1, handler: __TI_decompress_rle24
	index: 2, handler: __TI_decompress_none


GLOBAL SYMBOLS: SORTED ALPHABETICALLY BY Name 

address   name                          
-------   ----                          
0000004a  ADC10AE0                      
000001b0  ADC10CTL0                     
000001b2  ADC10CTL1                     
00000048  ADC10DTC0                     
00000049  ADC10DTC1                     
000001b4  ADC10MEM                      
000001bc  ADC10SA                       
00000057  BCSCTL1                       
00000058  BCSCTL2                       
00000053  BCSCTL3                       
00000270  BLE_address                   
00000274  BLE_address_encrypted         
0000df76  C$$EXIT                       
00000059  CACTL1                        
0000005a  CACTL2                        
000010fb  CALBC1_12MHZ                  
000010f9  CALBC1_16MHZ                  
000010ff  CALBC1_1MHZ                   
000010fd  CALBC1_8MHZ                   
000010fa  CALDCO_12MHZ                  
000010f8  CALDCO_16MHZ                  
000010fe  CALDCO_1MHZ                   
000010fc  CALDCO_8MHZ                   
0000005b  CAPD                          
0000de78  CLOCK_INIT                    
00000056  DCOCTL                        
00000128  FCTL1                         
0000012a  FCTL2                         
0000012c  FCTL3                         
0000df56  FLASH_INIT                    
0000024e  HOST_address                  
00000258  HOST_address_ASCII            
00000278  HOST_address_encrypted        
00000000  IE1                           
00000001  IE2                           
00000002  IFG1                          
00000003  IFG2                          
00000022  P1DIR                         
00000025  P1IE                          
00000024  P1IES                         
00000023  P1IFG                         
00000020  P1IN                          
00000021  P1OUT                         
00000027  P1REN                         
00000026  P1SEL                         
00000041  P1SEL2                        
0000002a  P2DIR                         
0000002d  P2IE                          
0000002c  P2IES                         
0000002b  P2IFG                         
00000028  P2IN                          
00000029  P2OUT                         
0000002f  P2REN                         
0000002e  P2SEL                         
00000042  P2SEL2                        
0000001a  P3DIR                         
00000018  P3IN                          
00000019  P3OUT                         
00000010  P3REN                         
0000001b  P3SEL                         
00000043  P3SEL2                        
0000dec6  PIR_INIT                      
00000252  POLLING_HOST_address          
00000260  POLLING_HOST_address_ASCII    
0000027c  POLLING_HOST_address_encrypted
0000de92  PORT_INIT                     
0000de5c  PORT_OUT_INIT                 
0000dab6  Port_1                        
0000df5e  REQUEST_MODE_TIMER_DISABLE    
0000df02  REQUEST_MODE_TIMER_INIT       
0000cd7a  SYS_INIT                      
00000172  TA0CCR0                       
00000174  TA0CCR1                       
00000176  TA0CCR2                       
00000162  TA0CCTL0                      
00000164  TA0CCTL1                      
00000166  TA0CCTL2                      
00000160  TA0CTL                        
0000012e  TA0IV                         
00000170  TA0R                          
00000192  TA1CCR0                       
00000194  TA1CCR1                       
00000196  TA1CCR2                       
00000182  TA1CCTL0                      
00000184  TA1CCTL1                      
00000186  TA1CCTL2                      
00000180  TA1CTL                        
0000011e  TA1IV                         
00000190  TA1R                          
0000df48  TIMER_DISABLE                 
0000de3e  TIMER_INIT                    
000010db  TLV_ADC10_1_LEN               
000010da  TLV_ADC10_1_TAG               
000010c0  TLV_CHECKSUM                  
000010f7  TLV_DCO_30_LEN                
000010f6  TLV_DCO_30_TAG                
0000dd32  Timer_A                       
0000dd6c  Timer_A1                      
0000dcb4  Timer_A2                      
0000ddc6  UART_INIT                     
0000005d  UCA0ABCTL                     
00000062  UCA0BR0                       
00000063  UCA0BR1                       
00000060  UCA0CTL0                      
00000061  UCA0CTL1                      
0000005f  UCA0IRRCTL                    
0000005e  UCA0IRTCTL                    
00000064  UCA0MCTL                      
00000066  UCA0RXBUF                     
00000065  UCA0STAT                      
00000067  UCA0TXBUF                     
0000006a  UCB0BR0                       
0000006b  UCB0BR1                       
00000068  UCB0CTL0                      
00000069  UCB0CTL1                      
0000006c  UCB0I2CIE                     
00000118  UCB0I2COA                     
0000011a  UCB0I2CSA                     
0000006e  UCB0RXBUF                     
0000006d  UCB0STAT                      
0000006f  UCB0TXBUF                     
0000db2c  USCI0RX_ISR                   
00000120  WDTCTL                        
00000400  __STACK_END                   
00000050  __STACK_SIZE                  
0000e100  __TI_CINIT_Base               
0000e108  __TI_CINIT_Limit              
0000e0f6  __TI_Handler_Table_Base       
0000e0fc  __TI_Handler_Table_Limit      
UNDEFED   __TI_INITARRAY_Base           
UNDEFED   __TI_INITARRAY_Limit          
0000df66  __TI_ISR_TRAP                 
0000df14  __TI_decompress_none          
0000df6c  __TI_decompress_rle24         
0000ffe0  __TI_int00                    
0000ffe4  __TI_int02                    
0000ffe6  __TI_int03                    
0000ffea  __TI_int05                    
0000ffec  __TI_int06                    
0000ffee  __TI_int07                    
0000fff0  __TI_int08                    
0000fff2  __TI_int09                    
0000fff4  __TI_int10                    
0000fff6  __TI_int11                    
0000fff8  __TI_int12                    
0000fffa  __TI_int13                    
0000fffc  __TI_int14                    
0000deda  __TI_zero_init                
ffffffff  __binit__                     
ffffffff  __c_args__                    
0000dc5c  __mspabi_divul                
0000df44  __mspabi_func_epilog_1        
0000df42  __mspabi_func_epilog_2        
0000df40  __mspabi_func_epilog_3        
0000df3e  __mspabi_func_epilog_4        
0000df3c  __mspabi_func_epilog_5        
0000df3a  __mspabi_func_epilog_6        
0000df38  __mspabi_func_epilog_7        
0000deee  __mspabi_mpyi                 
0000deee  __mspabi_mpyi_sw              
0000de18  __mspabi_mpyl                 
0000de18  __mspabi_mpyl_sw              
0000dc5c  __mspabi_remul                
0000dd9a  __mspabi_slli                 
0000ddc2  __mspabi_slli_1               
0000ddb0  __mspabi_slli_10              
0000ddae  __mspabi_slli_11              
0000ddac  __mspabi_slli_12              
0000ddaa  __mspabi_slli_13              
0000dda8  __mspabi_slli_14              
0000dda6  __mspabi_slli_15              
0000ddc0  __mspabi_slli_2               
0000ddbe  __mspabi_slli_3               
0000ddbc  __mspabi_slli_4               
0000ddba  __mspabi_slli_5               
0000ddb8  __mspabi_slli_6               
0000ddb6  __mspabi_slli_7               
0000ddb4  __mspabi_slli_8               
0000ddb2  __mspabi_slli_9               
0000dd2c  __mspabi_sral_1               
0000dd08  __mspabi_sral_10              
0000dd04  __mspabi_sral_11              
0000dd00  __mspabi_sral_12              
0000dcfc  __mspabi_sral_13              
0000dcf8  __mspabi_sral_14              
0000dcf4  __mspabi_sral_15              
0000dd28  __mspabi_sral_2               
0000dd24  __mspabi_sral_3               
0000dd20  __mspabi_sral_4               
0000dd1c  __mspabi_sral_5               
0000dd18  __mspabi_sral_6               
0000dd14  __mspabi_sral_7               
0000dd10  __mspabi_sral_8               
0000dd0c  __mspabi_sral_9               
0000dc04  _auto_init                    
0000deac  _c_int00_noargs_noexit        
0000fffe  _reset_vector                 
000003b0  _stack                        
0000df72  _system_pre_init              
0000df76  abort                         
ffffffff  binit                         
00000284  case_value                    
00000243  char_change_flag              
00000204  character_count               
00000286  checksum                      
00000244  command_index_match           
00000216  commissioning_flag            
00000238  current_duty                  
00000232  delay_value                   
0000023c  fade_rate_val                 
0000ddf0  flash_erase                   
0000df7a  flash_read                    
0000d708  flash_write                   
0000d9ec  get_ble_address               
0000021c  get_scene_number              
0000021b  go_to_scene                   
00000248  group_array                   
00000219  group_array_index             
00000218  group_match                   
00000200  i                             
00000207  input_val                     
00000241  isOff                         
0000020a  iteration                     
0000020b  iteration1                    
00000202  j                             
00000246  junk                          
00000223  lis_mode                      
00000222  lis_on_send_flag              
00000206  lsb                           
0000c000  main                          
0000022a  max_timer_count               
0000df26  memcpy                        
00000205  msb                           
00000217  no_of_groups                  
00000288  percent_normalize             
0000023e  percentage_val                
0000028a  ping_flag                     
00000242  pirOff                        
0000020d  pir_count                     
0000020c  pir_flag                      
00000240  power_on_value                
00000212  present_count                 
0000d432  print_address                 
0000d5ae  print_char                    
0000d830  print_command                 
0000d068  print_setting                 
0000d286  print_val1                    
0000020e  received_char                 
00000268  received_val                  
0000020f  request_mode_flag             
00000221  scene_five                    
00000220  scene_four                    
0000021a  scene_number                  
0000021d  scene_one                     
0000021f  scene_three                   
0000021e  scene_two                     
00000210  sensing_freq                  
00000280  sensing_freq_val              
00000236  sensor_there                  
0000d910  set_duty_cycle                
0000028b  store_group_value             
0000023a  target_duty                   
00000256  temp_delay                    
0000022e  time_out                      
00000228  time_out_flag                 
00000208  timer_count                   
00000214  timer_count_1                 
0000028c  timer_flag                    
00000224  timer_int_count               


GLOBAL SYMBOLS: SORTED BY Symbol Address 

address   name                          
-------   ----                          
00000000  IE1                           
00000001  IE2                           
00000002  IFG1                          
00000003  IFG2                          
00000010  P3REN                         
00000018  P3IN                          
00000019  P3OUT                         
0000001a  P3DIR                         
0000001b  P3SEL                         
00000020  P1IN                          
00000021  P1OUT                         
00000022  P1DIR                         
00000023  P1IFG                         
00000024  P1IES                         
00000025  P1IE                          
00000026  P1SEL                         
00000027  P1REN                         
00000028  P2IN                          
00000029  P2OUT                         
0000002a  P2DIR                         
0000002b  P2IFG                         
0000002c  P2IES                         
0000002d  P2IE                          
0000002e  P2SEL                         
0000002f  P2REN                         
00000041  P1SEL2                        
00000042  P2SEL2                        
00000043  P3SEL2                        
00000048  ADC10DTC0                     
00000049  ADC10DTC1                     
0000004a  ADC10AE0                      
00000050  __STACK_SIZE                  
00000053  BCSCTL3                       
00000056  DCOCTL                        
00000057  BCSCTL1                       
00000058  BCSCTL2                       
00000059  CACTL1                        
0000005a  CACTL2                        
0000005b  CAPD                          
0000005d  UCA0ABCTL                     
0000005e  UCA0IRTCTL                    
0000005f  UCA0IRRCTL                    
00000060  UCA0CTL0                      
00000061  UCA0CTL1                      
00000062  UCA0BR0                       
00000063  UCA0BR1                       
00000064  UCA0MCTL                      
00000065  UCA0STAT                      
00000066  UCA0RXBUF                     
00000067  UCA0TXBUF                     
00000068  UCB0CTL0                      
00000069  UCB0CTL1                      
0000006a  UCB0BR0                       
0000006b  UCB0BR1                       
0000006c  UCB0I2CIE                     
0000006d  UCB0STAT                      
0000006e  UCB0RXBUF                     
0000006f  UCB0TXBUF                     
00000118  UCB0I2COA                     
0000011a  UCB0I2CSA                     
0000011e  TA1IV                         
00000120  WDTCTL                        
00000128  FCTL1                         
0000012a  FCTL2                         
0000012c  FCTL3                         
0000012e  TA0IV                         
00000160  TA0CTL                        
00000162  TA0CCTL0                      
00000164  TA0CCTL1                      
00000166  TA0CCTL2                      
00000170  TA0R                          
00000172  TA0CCR0                       
00000174  TA0CCR1                       
00000176  TA0CCR2                       
00000180  TA1CTL                        
00000182  TA1CCTL0                      
00000184  TA1CCTL1                      
00000186  TA1CCTL2                      
00000190  TA1R                          
00000192  TA1CCR0                       
00000194  TA1CCR1                       
00000196  TA1CCR2                       
000001b0  ADC10CTL0                     
000001b2  ADC10CTL1                     
000001b4  ADC10MEM                      
000001bc  ADC10SA                       
00000200  i                             
00000202  j                             
00000204  character_count               
00000205  msb                           
00000206  lsb                           
00000207  input_val                     
00000208  timer_count                   
0000020a  iteration                     
0000020b  iteration1                    
0000020c  pir_flag                      
0000020d  pir_count                     
0000020e  received_char                 
0000020f  request_mode_flag             
00000210  sensing_freq                  
00000212  present_count                 
00000214  timer_count_1                 
00000216  commissioning_flag            
00000217  no_of_groups                  
00000218  group_match                   
00000219  group_array_index             
0000021a  scene_number                  
0000021b  go_to_scene                   
0000021c  get_scene_number              
0000021d  scene_one                     
0000021e  scene_two                     
0000021f  scene_three                   
00000220  scene_four                    
00000221  scene_five                    
00000222  lis_on_send_flag              
00000223  lis_mode                      
00000224  timer_int_count               
00000228  time_out_flag                 
0000022a  max_timer_count               
0000022e  time_out                      
00000232  delay_value                   
00000236  sensor_there                  
00000238  current_duty                  
0000023a  target_duty                   
0000023c  fade_rate_val                 
0000023e  percentage_val                
00000240  power_on_value                
00000241  isOff                         
00000242  pirOff                        
00000243  char_change_flag              
00000244  command_index_match           
00000246  junk                          
00000248  group_array                   
0000024e  HOST_address                  
00000252  POLLING_HOST_address          
00000256  temp_delay                    
00000258  HOST_address_ASCII            
00000260  POLLING_HOST_address_ASCII    
00000268  received_val                  
00000270  BLE_address                   
00000274  BLE_address_encrypted         
00000278  HOST_address_encrypted        
0000027c  POLLING_HOST_address_encrypted
00000280  sensing_freq_val              
00000284  case_value                    
00000286  checksum                      
00000288  percent_normalize             
0000028a  ping_flag                     
0000028b  store_group_value             
0000028c  timer_flag                    
000003b0  _stack                        
00000400  __STACK_END                   
000010c0  TLV_CHECKSUM                  
000010da  TLV_ADC10_1_TAG               
000010db  TLV_ADC10_1_LEN               
000010f6  TLV_DCO_30_TAG                
000010f7  TLV_DCO_30_LEN                
000010f8  CALDCO_16MHZ                  
000010f9  CALBC1_16MHZ                  
000010fa  CALDCO_12MHZ                  
000010fb  CALBC1_12MHZ                  
000010fc  CALDCO_8MHZ                   
000010fd  CALBC1_8MHZ                   
000010fe  CALDCO_1MHZ                   
000010ff  CALBC1_1MHZ                   
0000c000  main                          
0000cd7a  SYS_INIT                      
0000d068  print_setting                 
0000d286  print_val1                    
0000d432  print_address                 
0000d5ae  print_char                    
0000d708  flash_write                   
0000d830  print_command                 
0000d910  set_duty_cycle                
0000d9ec  get_ble_address               
0000dab6  Port_1                        
0000db2c  USCI0RX_ISR                   
0000dc04  _auto_init                    
0000dc5c  __mspabi_divul                
0000dc5c  __mspabi_remul                
0000dcb4  Timer_A2                      
0000dcf4  __mspabi_sral_15              
0000dcf8  __mspabi_sral_14              
0000dcfc  __mspabi_sral_13              
0000dd00  __mspabi_sral_12              
0000dd04  __mspabi_sral_11              
0000dd08  __mspabi_sral_10              
0000dd0c  __mspabi_sral_9               
0000dd10  __mspabi_sral_8               
0000dd14  __mspabi_sral_7               
0000dd18  __mspabi_sral_6               
0000dd1c  __mspabi_sral_5               
0000dd20  __mspabi_sral_4               
0000dd24  __mspabi_sral_3               
0000dd28  __mspabi_sral_2               
0000dd2c  __mspabi_sral_1               
0000dd32  Timer_A                       
0000dd6c  Timer_A1                      
0000dd9a  __mspabi_slli                 
0000dda6  __mspabi_slli_15              
0000dda8  __mspabi_slli_14              
0000ddaa  __mspabi_slli_13              
0000ddac  __mspabi_slli_12              
0000ddae  __mspabi_slli_11              
0000ddb0  __mspabi_slli_10              
0000ddb2  __mspabi_slli_9               
0000ddb4  __mspabi_slli_8               
0000ddb6  __mspabi_slli_7               
0000ddb8  __mspabi_slli_6               
0000ddba  __mspabi_slli_5               
0000ddbc  __mspabi_slli_4               
0000ddbe  __mspabi_slli_3               
0000ddc0  __mspabi_slli_2               
0000ddc2  __mspabi_slli_1               
0000ddc6  UART_INIT                     
0000ddf0  flash_erase                   
0000de18  __mspabi_mpyl                 
0000de18  __mspabi_mpyl_sw              
0000de3e  TIMER_INIT                    
0000de5c  PORT_OUT_INIT                 
0000de78  CLOCK_INIT                    
0000de92  PORT_INIT                     
0000deac  _c_int00_noargs_noexit        
0000dec6  PIR_INIT                      
0000deda  __TI_zero_init                
0000deee  __mspabi_mpyi                 
0000deee  __mspabi_mpyi_sw              
0000df02  REQUEST_MODE_TIMER_INIT       
0000df14  __TI_decompress_none          
0000df26  memcpy                        
0000df38  __mspabi_func_epilog_7        
0000df3a  __mspabi_func_epilog_6        
0000df3c  __mspabi_func_epilog_5        
0000df3e  __mspabi_func_epilog_4        
0000df40  __mspabi_func_epilog_3        
0000df42  __mspabi_func_epilog_2        
0000df44  __mspabi_func_epilog_1        
0000df48  TIMER_DISABLE                 
0000df56  FLASH_INIT                    
0000df5e  REQUEST_MODE_TIMER_DISABLE    
0000df66  __TI_ISR_TRAP                 
0000df6c  __TI_decompress_rle24         
0000df72  _system_pre_init              
0000df76  C$$EXIT                       
0000df76  abort                         
0000df7a  flash_read                    
0000e0f6  __TI_Handler_Table_Base       
0000e0fc  __TI_Handler_Table_Limit      
0000e100  __TI_CINIT_Base               
0000e108  __TI_CINIT_Limit              
0000ffe0  __TI_int00                    
0000ffe4  __TI_int02                    
0000ffe6  __TI_int03                    
0000ffea  __TI_int05                    
0000ffec  __TI_int06                    
0000ffee  __TI_int07                    
0000fff0  __TI_int08                    
0000fff2  __TI_int09                    
0000fff4  __TI_int10                    
0000fff6  __TI_int11                    
0000fff8  __TI_int12                    
0000fffa  __TI_int13                    
0000fffc  __TI_int14                    
0000fffe  _reset_vector                 
ffffffff  __binit__                     
ffffffff  __c_args__                    
ffffffff  binit                         
UNDEFED   __TI_INITARRAY_Base           
UNDEFED   __TI_INITARRAY_Limit          

[269 symbols]
